<html>
<body>
<pre>
<h1>µVision Build Log</h1>
<h2>Tool Versions:</h2>
IDE-Version: µVision V5.32.0.0
Copyright (C) 2020 ARM Ltd and ARM Germany GmbH. All rights reserved.
License Information: Den Nedelin, BMSTU, LIC=JL28G-V2P07-SB5EJ-U2WKH-G99MG-QVG79
 
Tool Versions:
Toolchain:       MDK-ARM Plus  Version: 5.32.0.0
Toolchain Path:  C:\Keil_v5\ARM\ARMCC\Bin
C Compiler:      Armcc.exe V5.06 update 7 (build 960)
Assembler:       Armasm.exe V5.06 update 7 (build 960)
Linker/Locator:  ArmLink.exe V5.06 update 7 (build 960)
Library Manager: ArmAr.exe V5.06 update 7 (build 960)
Hex Converter:   FromElf.exe V5.06 update 7 (build 960)
CPU DLL:         SARMCM3.DLL V5.32.0.0
Dialog DLL:      DCM.DLL V1.17.3.0
Target DLL:      STLink\ST-LINKIII-KEIL_SWO.dll V3.0.8.0
Dialog DLL:      TCM.DLL V1.46.0.0
 
<h2>Project:</h2>
C:\Users\Àíäðåé\Desktop\4_adc\stm32h7_ether\MDK-ARM\stm32h7_ether.uvprojx
Project File Date:  10/12/2020

<h2>Output:</h2>
*** Using Compiler 'V5.06 update 7 (build 960)', folder: 'C:\Keil_v5\ARM\ARMCC\Bin'
Build target 'stm32h7_ether'
assembling startup_stm32h743xx.s...
compiling stm32h7xx_it.c...
compiling freertos.c...
compiling main.c...
../Core/Src/main.c(388): warning:  #177-D: variable "message"  was declared but never referenced
      const char* message = "Hello UDP messageHello UDP messageHello UDP messageHello UDP messageHello UDP messageHello UDP messageHello UDP messageHello UDP messageHello UDP messageHello UDP messageHello UDP messageHello UDP messageHello UDP messageHello UDP messageHello UDP messageHello UDP messageHello UDP messageHello UDP messageHello UDP messageHello UDP messageHello UDP messageHello UDP messageHello UDP messageHello UDP messageHello UDP messageHello UDP messageHello UDP messageHello UDP messageHello UDP messageHello UDP messageHello UDP messageHello UDP messageHello UDP messageHello UDP messageHello UDP messageHello UDP messageHello UDP messageHello UDP messageHello UDP message!\n\r";
../Core/Src/main.c: 1 warning, 0 errors
compiling stm32h7xx_hal_timebase_tim.c...
compiling stm32h7xx_hal_msp.c...
compiling lan8742.c...
compiling lwip.c...
compiling stm32h7xx_hal_eth.c...
compiling ethernetif.c...
compiling stm32h7xx_hal_eth_ex.c...
compiling stm32h7xx_hal_rcc.c...
compiling stm32h7xx_hal_flash.c...
compiling stm32h7xx_hal_rcc_ex.c...
compiling stm32h7xx_hal_gpio.c...
compiling stm32h7xx_hal_hsem.c...
compiling stm32h7xx_hal_flash_ex.c...
compiling stm32h7xx_hal_dma_ex.c...
compiling stm32h7xx_hal_dma.c...
compiling stm32h7xx_hal_pwr.c...
compiling stm32h7xx_hal_mdma.c...
compiling stm32h7xx_hal_pwr_ex.c...
compiling stm32h7xx_hal_cortex.c...
compiling stm32h7xx_hal.c...
compiling stm32h7xx_hal_i2c.c...
compiling stm32h7xx_hal_i2c_ex.c...
compiling stm32h7xx_hal_exti.c...
compiling stm32h7xx_hal_tim.c...
compiling stm32h7xx_hal_uart_ex.c...
compiling stm32h7xx_hal_tim_ex.c...
compiling stm32h7xx_hal_uart.c...
compiling stm32h7xx_hal_pcd_ex.c...
compiling stm32h7xx_hal_pcd.c...
compiling stm32h7xx_ll_usb.c...
../Drivers/STM32H7xx_HAL_Driver/Src/stm32h7xx_ll_usb.c(949): warning:  #3108-D: attribute "__packed__" does not apply here
        USBx_DFIFO((uint32_t)ch_ep_num) = __UNALIGNED_UINT32_READ(pSrc);
../Drivers/STM32H7xx_HAL_Driver/Src/stm32h7xx_ll_usb.c(973): warning:  #3108-D: attribute "__packed__" does not apply here
      __UNALIGNED_UINT32_WRITE(pDest, USBx_DFIFO(0U));
../Drivers/STM32H7xx_HAL_Driver/Src/stm32h7xx_ll_usb.c: 2 warnings, 0 errors
compiling croutine.c...
compiling event_groups.c...
compiling list.c...
compiling stream_buffer.c...
compiling queue.c...
compiling timers.c...
compiling tasks.c...
compiling heap_4.c...
compiling cmsis_os.c...
compiling port.c...
compiling system_stm32h7xx.c...
compiling ccp.c...
compiling auth.c...
compiling chap_ms.c...
compiling chap-new.c...
compiling chap-md5.c...
compiling demand.c...
compiling eap.c...
compiling eui64.c...
compiling fsm.c...
compiling ipv6cp.c...
compiling ipcp.c...
compiling lcp.c...
compiling magic.c...
compiling mppe.c...
compiling multilink.c...
compiling ppp.c...
compiling pppapi.c...
compiling pppcrypt.c...
compiling pppos.c...
compiling pppoe.c...
compiling pppol2tp.c...
compiling utils.c...
compiling vj.c...
compiling upap.c...
compiling bridgeif.c...
compiling bridgeif_fdb.c...
compiling ethernet.c...
compiling lowpan6_ble.c...
compiling lowpan6.c...
compiling lowpan6_common.c...
compiling zepif.c...
compiling ecp.c...
compiling slipif.c...
compiling err.c...
compiling api_lib.c...
compiling api_msg.c...
compiling netdb.c...
compiling netbuf.c...
compiling if_api.c...
compiling netifapi.c...
compiling tcpip.c...
compiling sockets.c...
compiling altcp.c...
compiling altcp_tcp.c...
compiling altcp_alloc.c...
compiling def.c...
compiling dns.c...
compiling inet_chksum.c...
compiling init.c...
compiling ip.c...
compiling mem.c...
compiling netif.c...
compiling memp.c...
compiling pbuf.c...
compiling raw.c...
compiling stats.c...
compiling sys.c...
compiling tcp.c...
compiling tcp_in.c...
compiling tcp_out.c...
compiling autoip.c...
compiling timeouts.c...
compiling udp.c...
compiling dhcp.c...
compiling etharp.c...
compiling icmp.c...
compiling igmp.c...
compiling ip4_addr.c...
compiling ip4.c...
compiling ip4_frag.c...
compiling dhcp6.c...
compiling ethip6.c...
compiling icmp6.c...
compiling inet6.c...
compiling ip6.c...
compiling ip6_addr.c...
compiling mld6.c...
compiling ip6_frag.c...
compiling nd6.c...
compiling retarget_io.c...
compiling sys_arch.c...
compiling mqtt.c...
linking...
Program Size: Code=84992 RO-data=1520 RW-data=388 ZI-data=45212  
FromELF: creating hex file...
"stm32h7_ether\stm32h7_ether.axf" - 0 Error(s), 3 Warning(s).

<h2>Software Packages used:</h2>

Package Vendor: ARM
                http://www.keil.com/pack/ARM.CMSIS.5.7.0.pack
                ARM.CMSIS.5.7.0
                CMSIS (Cortex Microcontroller Software Interface Standard)
   * Component: CORE Version: 5.4.0

Package Vendor: Keil
                http://www.keil.com/pack/Keil.ARM_Compiler.1.6.3.pack
                Keil.ARM_Compiler.1.6.3
                Keil ARM Compiler extensions for ARM Compiler 5 and ARM Compiler 6
   * Component: STDERR Variant: ITM Version: 1.2.0
   * Component: STDIN Variant: ITM Version: 1.2.0
   * Component: STDOUT Variant: ITM Version: 1.2.0
   * Component: TTY Variant: ITM Version: 1.2.0

Package Vendor: Keil
                https://www.keil.com/pack/Keil.STM32H7xx_DFP.2.6.0.pack
                Keil.STM32H7xx_DFP.2.6.0
                STMicroelectronics STM32H7 Series Device Support and Examples

<h2>Collection of Component include folders:</h2>
  .\RTE\_stm32h7_ether
  C:\Users\Àíäðåé\AppData\Local\Arm\Packs\ARM\CMSIS\5.7.0\CMSIS\Core\Include
  C:\Users\Àíäðåé\AppData\Local\Arm\Packs\Keil\STM32H7xx_DFP\2.6.0\Drivers\CMSIS\Device\ST\STM32H7xx\Include

<h2>Collection of Component Files used:</h2>

   * Component: ARM::CMSIS:CORE:5.4.0

   * Component: Keil.ARM Compiler::Compiler:I/O:STDERR:ITM:1.2.0
      Source file:   Source\retarget_io.c

   * Component: Keil.ARM Compiler::Compiler:I/O:STDIN:ITM:1.2.0
      Source file:   Source\retarget_io.c

   * Component: Keil.ARM Compiler::Compiler:I/O:STDOUT:ITM:1.2.0
      Source file:   Source\retarget_io.c

   * Component: Keil.ARM Compiler::Compiler:I/O:TTY:ITM:1.2.0
      Source file:   Source\retarget_io.c
Build Time Elapsed:  00:19:07
</pre>
</body>
</html>
