Component: ARM Compiler 5.06 update 7 (build 960) Tool: armlink [4d3601]

==============================================================================

Section Cross References

    startup_stm32h743xx.o(STACK) refers (Special) to heapauxi.o(.text) for __use_two_region_memory
    startup_stm32h743xx.o(HEAP) refers (Special) to heapauxi.o(.text) for __use_two_region_memory
    startup_stm32h743xx.o(RESET) refers (Special) to heapauxi.o(.text) for __use_two_region_memory
    startup_stm32h743xx.o(RESET) refers to startup_stm32h743xx.o(STACK) for __initial_sp
    startup_stm32h743xx.o(RESET) refers to startup_stm32h743xx.o(.text) for Reset_Handler
    startup_stm32h743xx.o(RESET) refers to stm32h7xx_it.o(i.NMI_Handler) for NMI_Handler
    startup_stm32h743xx.o(RESET) refers to stm32h7xx_it.o(i.HardFault_Handler) for HardFault_Handler
    startup_stm32h743xx.o(RESET) refers to stm32h7xx_it.o(i.MemManage_Handler) for MemManage_Handler
    startup_stm32h743xx.o(RESET) refers to stm32h7xx_it.o(i.BusFault_Handler) for BusFault_Handler
    startup_stm32h743xx.o(RESET) refers to stm32h7xx_it.o(i.UsageFault_Handler) for UsageFault_Handler
    startup_stm32h743xx.o(RESET) refers to port.o(.emb_text) for SVC_Handler
    startup_stm32h743xx.o(RESET) refers to stm32h7xx_it.o(i.DebugMon_Handler) for DebugMon_Handler
    startup_stm32h743xx.o(RESET) refers to port.o(i.SysTick_Handler) for SysTick_Handler
    startup_stm32h743xx.o(RESET) refers to stm32h7xx_it.o(i.TIM2_IRQHandler) for TIM2_IRQHandler
    startup_stm32h743xx.o(RESET) refers to stm32h7xx_it.o(i.ETH_IRQHandler) for ETH_IRQHandler
    startup_stm32h743xx.o(.text) refers (Special) to heapauxi.o(.text) for __use_two_region_memory
    startup_stm32h743xx.o(.text) refers to system_stm32h7xx.o(i.SystemInit) for SystemInit
    startup_stm32h743xx.o(.text) refers to __main.o(!!!main) for __main
    startup_stm32h743xx.o(.text) refers to startup_stm32h743xx.o(HEAP) for Heap_Mem
    startup_stm32h743xx.o(.text) refers to startup_stm32h743xx.o(STACK) for Stack_Mem
    main.o(i.HAL_TIM_PeriodElapsedCallback) refers to stm32h7xx_hal.o(i.HAL_IncTick) for HAL_IncTick
    main.o(i.MPU_Config) refers to stm32h7xx_hal_cortex.o(i.HAL_MPU_Disable) for HAL_MPU_Disable
    main.o(i.MPU_Config) refers to stm32h7xx_hal_cortex.o(i.HAL_MPU_ConfigRegion) for HAL_MPU_ConfigRegion
    main.o(i.MPU_Config) refers to stm32h7xx_hal_cortex.o(i.HAL_MPU_Enable) for HAL_MPU_Enable
    main.o(i.MX_GPIO_Init) refers to rt_memclr_w.o(.text) for __aeabi_memclr4
    main.o(i.MX_GPIO_Init) refers to stm32h7xx_hal_gpio.o(i.HAL_GPIO_WritePin) for HAL_GPIO_WritePin
    main.o(i.MX_GPIO_Init) refers to stm32h7xx_hal_gpio.o(i.HAL_GPIO_Init) for HAL_GPIO_Init
    main.o(i.MX_USART3_UART_Init) refers to stm32h7xx_hal_uart.o(i.HAL_UART_Init) for HAL_UART_Init
    main.o(i.MX_USART3_UART_Init) refers to stm32h7xx_hal_uart_ex.o(i.HAL_UARTEx_SetTxFifoThreshold) for HAL_UARTEx_SetTxFifoThreshold
    main.o(i.MX_USART3_UART_Init) refers to stm32h7xx_hal_uart_ex.o(i.HAL_UARTEx_SetRxFifoThreshold) for HAL_UARTEx_SetRxFifoThreshold
    main.o(i.MX_USART3_UART_Init) refers to stm32h7xx_hal_uart_ex.o(i.HAL_UARTEx_DisableFifoMode) for HAL_UARTEx_DisableFifoMode
    main.o(i.MX_USART3_UART_Init) refers to main.o(.bss) for .bss
    main.o(i.MX_USB_OTG_FS_PCD_Init) refers to stm32h7xx_hal_pcd.o(i.HAL_PCD_Init) for HAL_PCD_Init
    main.o(i.MX_USB_OTG_FS_PCD_Init) refers to main.o(.bss) for .bss
    main.o(i.StartDefaultTask) refers to lwip.o(i.MX_LWIP_Init) for MX_LWIP_Init
    main.o(i.StartDefaultTask) refers to cmsis_os.o(i.osDelay) for osDelay
    main.o(i.StartDefaultTask) refers to api_lib.o(i.netconn_new_with_proto_and_callback) for netconn_new_with_proto_and_callback
    main.o(i.StartDefaultTask) refers to api_lib.o(i.netconn_bind) for netconn_bind
    main.o(i.StartDefaultTask) refers to api_lib.o(i.netconn_delete) for netconn_delete
    main.o(i.StartDefaultTask) refers to api_lib.o(i.netconn_recv) for netconn_recv
    main.o(i.StartDefaultTask) refers to api_lib.o(i.netconn_connect) for netconn_connect
    main.o(i.StartDefaultTask) refers to api_lib.o(i.netconn_send) for netconn_send
    main.o(i.StartDefaultTask) refers to ip4_addr.o(.constdata) for ip_addr_any
    main.o(i.SystemClock_Config) refers to rt_memclr_w.o(.text) for __aeabi_memclr4
    main.o(i.SystemClock_Config) refers to stm32h7xx_hal_pwr_ex.o(i.HAL_PWREx_ConfigSupply) for HAL_PWREx_ConfigSupply
    main.o(i.SystemClock_Config) refers to stm32h7xx_hal_rcc.o(i.HAL_RCC_OscConfig) for HAL_RCC_OscConfig
    main.o(i.SystemClock_Config) refers to stm32h7xx_hal_rcc.o(i.HAL_RCC_ClockConfig) for HAL_RCC_ClockConfig
    main.o(i.SystemClock_Config) refers to stm32h7xx_hal_rcc_ex.o(i.HAL_RCCEx_PeriphCLKConfig) for HAL_RCCEx_PeriphCLKConfig
    main.o(i.SystemClock_Config) refers to stm32h7xx_hal_pwr_ex.o(i.HAL_PWREx_EnableUSBVoltageDetector) for HAL_PWREx_EnableUSBVoltageDetector
    main.o(i.main) refers to main.o(i.MPU_Config) for MPU_Config
[...]
    ip_addr_any                              0x0801506c   Data           4  ip4_addr.o(.constdata)
    os_mutex_def_lwip_sys_mutex              0x08015070   Data           8  sys_arch.o(.constdata)
    __stdin_name                             0x08015088   Data           7  retarget_io.o(.constdata)
    __stdout_name                            0x0801508f   Data           8  retarget_io.o(.constdata)
    __stderr_name                            0x08015097   Data           8  retarget_io.o(.constdata)
    Region$$Table$$Base                      0x080151d0   Number         0  anon$$obj.o(Region$$Table)
    Region$$Table$$Limit                     0x080151f0   Number         0  anon$$obj.o(Region$$Table)
    defaultTaskHandle                        0x24000000   Data           4  main.o(.data)
    ipaddr                                   0x24000004   Data           4  lwip.o(.data)
    netmask                                  0x24000008   Data           4  lwip.o(.data)
    gw                                       0x2400000c   Data           4  lwip.o(.data)
    IP_ADDRESS                               0x24000010   Data           4  lwip.o(.data)
    NETMASK_ADDRESS                          0x24000014   Data           4  lwip.o(.data)
    GATEWAY_ADDRESS                          0x24000018   Data           4  lwip.o(.data)
    RxPktSemaphore                           0x2400001c   Data           4  ethernetif.o(.data)
    LAN8742_IOCtx                            0x24000020   Data          20  ethernetif.o(.data)
    uwTickFreq                               0x24000038   Data           1  stm32h7xx_hal.o(.data)
    uwTickPrio                               0x2400003c   Data           4  stm32h7xx_hal.o(.data)
    uwTick                                   0x24000040   Data           4  stm32h7xx_hal.o(.data)
    SystemCoreClock                          0x24000044   Data           4  system_stm32h7xx.o(.data)
    SystemD2Clock                            0x24000048   Data           4  system_stm32h7xx.o(.data)
    pxCurrentTCB                             0x2400004c   Data           4  tasks.o(.data)
    lock_tcpip_core                          0x240000b8   Data           4  tcpip.o(.data)
    netif_list                               0x24000104   Data           4  netif.o(.data)
    netif_default                            0x24000108   Data           4  netif.o(.data)
    pbuf_free_ooseq_pending                  0x2400010c   Data           1  pbuf.o(.data)
    tcp_active_pcbs_changed                  0x24000110   Data           1  tcp.o(.data)
    tcp_ticks                                0x2400011c   Data           4  tcp.o(.data)
    tcp_bound_pcbs                           0x24000120   Data           4  tcp.o(.data)
    tcp_listen_pcbs                          0x24000124   Data           4  tcp.o(.data)
    tcp_active_pcbs                          0x24000128   Data           4  tcp.o(.data)
    tcp_tw_pcbs                              0x2400012c   Data           4  tcp.o(.data)
    tcp_input_pcb                            0x24000150   Data           4  tcp_in.o(.data)
    udp_pcbs                                 0x24000164   Data           4  udp.o(.data)
    lwip_sys_mutex                           0x24000174   Data           4  sys_arch.o(.data)
    __aeabi_stdin                            0x24000178   Data           4  stdio_streams.o(.data)
    __aeabi_stdout                           0x2400017c   Data           4  stdio_streams.o(.data)
    __aeabi_stderr                           0x24000180   Data           4  stdio_streams.o(.data)
    huart3                                   0x24000184   Data         140  main.o(.bss)
    hpcd_USB_OTG_FS                          0x24000210   Data        1032  main.o(.bss)
    htim2                                    0x2400086c   Data          76  stm32h7xx_hal_timebase_tim.o(.bss)
    gnetif                                   0x240008b8   Data          52  lwip.o(.bss)
    heth                                     0x240008ec   Data         112  ethernetif.o(.bss)
    TxConfig                                 0x2400095c   Data          52  ethernetif.o(.bss)
    LAN8742                                  0x24000990   Data          32  ethernetif.o(.bss)
    memp_memory_RX_POOL_base                 0x240009b0   Data         203  ethernetif.o(.bss)
    xQueueRegistry                           0x24000a7c   Data          64  queue.o(.bss)
    ip_data                                  0x240047ac   Data          24  ip.o(.bss)
    memp_memory_UDP_PCB_base                 0x240047c4   Data         131  memp.o(.bss)
    memp_memory_TCP_PCB_base                 0x24004847   Data         783  memp.o(.bss)
    memp_memory_TCP_PCB_LISTEN_base          0x24004b56   Data         227  memp.o(.bss)
    memp_memory_TCP_SEG_base                 0x24004c39   Data         259  memp.o(.bss)
    memp_memory_REASSDATA_base               0x24004d3c   Data         163  memp.o(.bss)
    memp_memory_FRAG_PBUF_base               0x24004ddf   Data         363  memp.o(.bss)
    memp_memory_NETBUF_base                  0x24004f4a   Data          35  memp.o(.bss)
    memp_memory_NETCONN_base                 0x24004f6d   Data         163  memp.o(.bss)
    memp_memory_TCPIP_MSG_API_base           0x24005010   Data         131  memp.o(.bss)
    memp_memory_TCPIP_MSG_INPKT_base         0x24005093   Data         131  memp.o(.bss)
    memp_memory_SYS_TIMEOUT_base             0x24005116   Data          51  memp.o(.bss)
    memp_memory_PBUF_base                    0x24005149   Data         259  memp.o(.bss)
    memp_memory_PBUF_POOL_base               0x2400524c   Data        9731  memp.o(.bss)
    _random_number_data                      0x24007950   Data         228  rand.o(.bss)
    __stdin                                  0x24007a34   Data          84  stdio_streams.o(.bss)
    __stdout                                 0x24007a88   Data          84  stdio_streams.o(.bss)
    __stderr                                 0x24007adc   Data          84  stdio_streams.o(.bss)
    __libspace_start                         0x24007b30   Data          96  libspace.o(.bss)
    __temporary_stack_top$libspace           0x24007b90   Data           0  libspace.o(.bss)
    DMARxDscrTab                             0x30040000   Data          96  ethernetif.o(.ARM.__AT_0x30040000)
    DMATxDscrTab                             0x30040060   Data          96  ethernetif.o(.ARM.__AT_0x30040060)
    Rx_Buff                                  0x30040200   Data        6096  ethernetif.o(.ARM.__AT_0x30040200)



==============================================================================

Memory Map of the image

  Image Entry point : 0x08000299

  Load Region LR_IROM1 (Base: 0x08000000, Size: 0x00015374, Max: 0x00200000, ABSOLUTE, COMPRESSED[0x0001521c])

    Execution Region ER_IROM1 (Exec base: 0x08000000, Load base: 0x08000000, Size: 0x000151f0, Max: 0x00200000, ABSOLUTE)

    Exec Addr    Load Addr    Size         Type   Attr      Idx    E Section Name        Object

    0x08000000   0x08000000   0x00000298   Data   RO            3    RESET               startup_stm32h743xx.o
    0x08000298   0x08000298   0x00000008   Code   RO        12217  * !!!main             c_w.l(__main.o)
    0x080002a0   0x080002a0   0x00000034   Code   RO        12585    !!!scatter          c_w.l(__scatter.o)
    0x080002d4   0x080002d4   0x0000005a   Code   RO        12583    !!dczerorl2         c_w.l(__dczerorl2.o)
    0x0800032e   0x0800032e   0x00000002   PAD
    0x08000330   0x08000330   0x0000001c   Code   RO        12587    !!handler_zi        c_w.l(__scatter_zi.o)
    0x0800034c   0x0800034c   0x00000000   Code   RO        12187    .ARM.Collect$$_printf_percent$$00000000  c_w.l(_printf_percent.o)
    0x0800034c   0x0800034c   0x00000006   Code   RO        12186    .ARM.Collect$$_printf_percent$$00000009  c_w.l(_printf_d.o)
    0x08000352   0x08000352   0x00000006   Code   RO        12185    .ARM.Collect$$_printf_percent$$00000014  c_w.l(_printf_s.o)
    0x08000358   0x08000358   0x00000004   Code   RO        12240    .ARM.Collect$$_printf_percent$$00000017  c_w.l(_printf_percent_end.o)
    0x0800035c   0x0800035c   0x00000002   Code   RO        12437    .ARM.Collect$$libinit$$00000000  c_w.l(libinit.o)
    0x0800035e   0x0800035e   0x00000004   Code   RO        12254    .ARM.Collect$$libinit$$00000001  c_w.l(libinit2.o)
    0x08000362   0x08000362   0x00000000   Code   RO        12257    .ARM.Collect$$libinit$$00000004  c_w.l(libinit2.o)
    0x08000362   0x08000362   0x00000008   Code   RO        12258    .ARM.Collect$$libinit$$00000005  c_w.l(libinit2.o)
    0x0800036a   0x0800036a   0x00000000   Code   RO        12260    .ARM.Collect$$libinit$$0000000A  c_w.l(libinit2.o)
    0x0800036a   0x0800036a   0x00000000   Code   RO        12262    .ARM.Collect$$libinit$$0000000C  c_w.l(libinit2.o)
    0x0800036a   0x0800036a   0x00000004   Code   RO        12263    .ARM.Collect$$libinit$$0000000D  c_w.l(libinit2.o)
    0x0800036e   0x0800036e   0x00000000   Code   RO        12264    .ARM.Collect$$libinit$$0000000E  c_w.l(libinit2.o)
    0x0800036e   0x0800036e   0x00000000   Code   RO        12267    .ARM.Collect$$libinit$$00000011  c_w.l(libinit2.o)
    0x0800036e   0x0800036e   0x00000000   Code   RO        12269    .ARM.Collect$$libinit$$00000013  c_w.l(libinit2.o)
    0x0800036e   0x0800036e   0x00000000   Code   RO        12271    .ARM.Collect$$libinit$$00000015  c_w.l(libinit2.o)
    0x0800036e   0x0800036e   0x00000000   Code   RO        12273    .ARM.Collect$$libinit$$00000017  c_w.l(libinit2.o)
    0x0800036e   0x0800036e   0x00000000   Code   RO        12275    .ARM.Collect$$libinit$$00000019  c_w.l(libinit2.o)
    0x0800036e   0x0800036e   0x00000000   Code   RO        12277    .ARM.Collect$$libinit$$0000001B  c_w.l(libinit2.o)
    0x0800036e   0x0800036e   0x00000000   Code   RO        12279    .ARM.Collect$$libinit$$0000001D  c_w.l(libinit2.o)
    0x0800036e   0x0800036e   0x00000000   Code   RO        12281    .ARM.Collect$$libinit$$0000001F  c_w.l(libinit2.o)
    0x0800036e   0x0800036e   0x00000000   Code   RO        12283    .ARM.Collect$$libinit$$00000021  c_w.l(libinit2.o)
    0x0800036e   0x0800036e   0x00000000   Code   RO        12285    .ARM.Collect$$libinit$$00000023  c_w.l(libinit2.o)
    0x0800036e   0x0800036e   0x00000004   Code   RO        12286    .ARM.Collect$$libinit$$00000024  c_w.l(libinit2.o)
    0x08000372   0x08000372   0x00000000   Code   RO        12287    .ARM.Collect$$libinit$$00000025  c_w.l(libinit2.o)
    0x08000372   0x08000372   0x00000000   Code   RO        12291    .ARM.Collect$$libinit$$0000002C  c_w.l(libinit2.o)
    0x08000372   0x08000372   0x00000000   Code   RO        12293    .ARM.Collect$$libinit$$0000002E  c_w.l(libinit2.o)
    0x08000372   0x08000372   0x00000000   Code   RO        12295    .ARM.Collect$$libinit$$00000030  c_w.l(libinit2.o)
    0x08000372   0x08000372   0x00000000   Code   RO        12297    .ARM.Collect$$libinit$$00000032  c_w.l(libinit2.o)
    0x08000372   0x08000372   0x00000002   Code   RO        12298    .ARM.Collect$$libinit$$00000033  c_w.l(libinit2.o)
    0x08000374   0x08000374   0x00000002   Code   RO        12564    .ARM.Collect$$libshutdown$$00000000  c_w.l(libshutdown.o)
    0x08000376   0x08000376   0x00000000   Code   RO        12439    .ARM.Collect$$libshutdown$$00000002  c_w.l(libshutdown2.o)
    0x08000376   0x08000376   0x00000000   Code   RO        12441    .ARM.Collect$$libshutdown$$00000004  c_w.l(libshutdown2.o)
    0x08000376   0x08000376   0x00000004   Code   RO        12442    .ARM.Collect$$libshutdown$$00000005  c_w.l(libshutdown2.o)
    0x0800037a   0x0800037a   0x00000000   Code   RO        12443    .ARM.Collect$$libshutdown$$00000006  c_w.l(libshutdown2.o)
    0x0800037a   0x0800037a   0x00000000   Code   RO        12446    .ARM.Collect$$libshutdown$$00000009  c_w.l(libshutdown2.o)
    0x0800037a   0x0800037a   0x00000000   Code   RO        12449    .ARM.Collect$$libshutdown$$0000000C  c_w.l(libshutdown2.o)
    0x0800037a   0x0800037a   0x00000000   Code   RO        12451    .ARM.Collect$$libshutdown$$0000000E  c_w.l(libshutdown2.o)
    0x0800037a   0x0800037a   0x00000000   Code   RO        12454    .ARM.Collect$$libshutdown$$00000011  c_w.l(libshutdown2.o)
    0x0800037a   0x0800037a   0x00000002   Code   RO        12455    .ARM.Collect$$libshutdown$$00000012  c_w.l(libshutdown2.o)
    0x0800037c   0x0800037c   0x00000000   Code   RO        12219    .ARM.Collect$$rtentry$$00000000  c_w.l(__rtentry.o)
    0x0800037c   0x0800037c   0x00000000   Code   RO        12303    .ARM.Collect$$rtentry$$00000002  c_w.l(__rtentry2.o)
    0x0800037c   0x0800037c   0x00000006   Code   RO        12315    .ARM.Collect$$rtentry$$00000004  c_w.l(__rtentry4.o)
    0x08000382   0x08000382   0x00000000   Code   RO        12305    .ARM.Collect$$rtentry$$00000009  c_w.l(__rtentry2.o)
    0x08000382   0x08000382   0x00000004   Code   RO        12306    .ARM.Collect$$rtentry$$0000000A  c_w.l(__rtentry2.o)
    0x08000386   0x08000386   0x00000000   Code   RO        12308    .ARM.Collect$$rtentry$$0000000C  c_w.l(__rtentry2.o)
    0x08000386   0x08000386   0x00000008   Code   RO        12309    .ARM.Collect$$rtentry$$0000000D  c_w.l(__rtentry2.o)
    0x0800038e   0x0800038e   0x00000002   Code   RO        12460    .ARM.Collect$$rtexit$$00000000  c_w.l(rtexit.o)
    0x08000390   0x08000390   0x00000000   Code   RO        12521    .ARM.Collect$$rtexit$$00000002  c_w.l(rtexit2.o)
    0x08000390   0x08000390   0x00000004   Code   RO        12522    .ARM.Collect$$rtexit$$00000003  c_w.l(rtexit2.o)
    0x08000394   0x08000394   0x00000006   Code   RO        12523    .ARM.Collect$$rtexit$$00000004  c_w.l(rtexit2.o)
    0x0800039a   0x0800039a   0x00000002   PAD
    0x0800039c   0x0800039c   0x000000be   Code   RO         7112    .emb_text           port.o
    0x0800045a   0x0800045a   0x00000002   PAD
    0x0800045c   0x0800045c   0x00000034   Code   RO        12190    .emb_text           c_w.l(rand.o)
    0x08000490   0x08000490   0x00000000   Code   RO        12527    .emb_text           c_w.l(maybetermalloc1.o)
    0x08000490   0x08000490   0x00000040   Code   RO            4    .text               startup_stm32h743xx.o
    0x080004d0   0x080004d0   0x000000ee   Code   RO        12153    .text               c_w.l(lludivv7m.o)
    0x080005be   0x080005be   0x00000002   PAD
    0x080005c0   0x080005c0   0x00000018   Code   RO        12157    .text               c_w.l(noretval__2printf.o)
    0x080005d8   0x080005d8   0x00000068   Code   RO        12159    .text               c_w.l(__printf.o)
    0x08000640   0x08000640   0x00000052   Code   RO        12161    .text               c_w.l(_printf_str.o)
    0x08000692   0x08000692   0x00000002   PAD
    0x08000694   0x08000694   0x00000078   Code   RO        12163    .text               c_w.l(_printf_dec.o)
    0x0800070c   0x0800070c   0x0000003c   Code   RO        12191    .text               c_w.l(rand.o)
    0x08000748   0x08000748   0x00000058   Code   RO        12195    .text               c_w.l(memcmp.o)
    0x080007a0   0x080007a0   0x0000008a   Code   RO        12201    .text               c_w.l(rt_memcpy_v6.o)
    0x0800082a   0x0800082a   0x00000064   Code   RO        12205    .text               c_w.l(rt_memcpy_w.o)
    0x0800088e   0x0800088e   0x0000004e   Code   RO        12211    .text               c_w.l(rt_memclr_w.o)
    0x080008dc   0x080008dc   0x00000068   Code   RO        12213    .text               c_w.l(strcmpv7m_pel.o)
    0x08000944   0x08000944   0x00000006   Code   RO        12215    .text               c_w.l(heapauxi.o)
    0x0800094a   0x0800094a   0x00000002   PAD
    0x0800094c   0x0800094c   0x00000008   Code   RO        12232    .text               c_w.l(rt_errno_addr_intlibspace.o)
    0x08000954   0x08000954   0x000000b2   Code   RO        12234    .text               c_w.l(_printf_intcommon.o)
    0x08000a06   0x08000a06   0x0000002c   Code   RO        12236    .text               c_w.l(_printf_char.o)
    0x08000a32   0x08000a32   0x00000002   PAD
    0x08000a34   0x08000a34   0x00000024   Code   RO        12238    .text               c_w.l(_printf_char_file.o)
    0x08000a58   0x08000a58   0x00000008   Code   RO        12299    .text               c_w.l(libspace.o)
    0x08000a60   0x08000a60   0x00000030   Code   RO        12319    .text               c_w.l(_printf_char_common.o)
    0x08000a90   0x08000a90   0x00000008   Code   RO        12323    .text               c_w.l(ferror.o)
    0x08000a98   0x08000a98   0x00000138   Code   RO        12329    .text               c_w.l(initio.o)
    0x08000bd0   0x08000bd0   0x0000004a   Code   RO        12343    .text               c_w.l(sys_stackheap_outer.o)
    0x08000c1a   0x08000c1a   0x0000004e   Code   RO        12347    .text               c_w.l(h1_free.o)
    0x08000c68   0x08000c68   0x000001d6   Code   RO        12405    .text               c_w.l(flsbuf.o)
    0x08000e3e   0x08000e3e   0x00000046   Code   RO        12407    .text               c_w.l(setvbuf.o)
    0x08000e84   0x08000e84   0x000000ec   Code   RO        12410    .text               c_w.l(fopen.o)
    0x08000f70   0x08000f70   0x0000004c   Code   RO        12412    .text               c_w.l(fclose.o)
    0x08000fbc   0x08000fbc   0x00000012   Code   RO        12418    .text               c_w.l(exit.o)
    0x08000fce   0x08000fce   0x0000000e   Code   RO        12424    .text               c_w.l(defsig_rtred_outer.o)
    0x08000fdc   0x08000fdc   0x00000008   Code   RO        12467    .text               c_w.l(rt_heap_descriptor_intlibspace.o)
    0x08000fe4   0x08000fe4   0x00000004   Code   RO        12469    .text               c_w.l(hguard.o)
    0x08000fe8   0x08000fe8   0x0000008a   Code   RO        12473    .text               c_w.l(init_alloc.o)
    0x08001072   0x08001072   0x0000005e   Code   RO        12479    .text               c_w.l(h1_alloc.o)
    0x080010d0   0x080010d0   0x000000f8   Code   RO        12495    .text               c_w.l(fseek.o)
    0x080011c8   0x080011c8   0x000000f0   Code   RO        12497    .text               c_w.l(stdio.o)
    0x080012b8   0x080012b8   0x0000000a   Code   RO        12503    .text               c_w.l(defsig_exit.o)
    0x080012c2   0x080012c2   0x00000002   PAD
    0x080012c4   0x080012c4   0x00000034   Code   RO        12507    .text               c_w.l(defsig_rtred_inner.o)
    0x080012f8   0x080012f8   0x0000000e   Code   RO        12509    .text               c_w.l(defsig_rtmem_outer.o)
    0x08001306   0x08001306   0x00000002   PAD
    0x08001308   0x08001308   0x0000000c   Code   RO        12515    .text               c_w.l(sys_exit.o)
    0x08001314   0x08001314   0x00000002   Code   RO        12517    .text               c_w.l(use_no_semi.o)
    0x08001316   0x08001316   0x00000000   Code   RO        12519    .text               c_w.l(indicate_semi.o)
    0x08001316   0x08001316   0x0000000e   Code   RO        12529    .text               c_w.l(h1_init.o)
    0x08001324   0x08001324   0x00000034   Code   RO        12531    .text               c_w.l(h1_extend.o)
    0x08001358   0x08001358   0x00000042   Code   RO        12541    .text               c_w.l(ftell.o)
    0x0800139a   0x0800139a   0x00000032   Code   RO        12549    .text               c_w.l(defsig_general.o)
    0x080013cc   0x080013cc   0x00000050   Code   RO        12551    .text               c_w.l(defsig_rtmem_inner.o)
    0x0800141c   0x0800141c   0x00000002   Code   RO          428    i.BusFault_Handler  stm32h7xx_it.o
    0x0800141e   0x0800141e   0x00000002   Code   RO          429    i.DebugMon_Handler  stm32h7xx_it.o
    0x08001420   0x08001420   0x0000000c   Code   RO          430    i.ETH_IRQHandler    stm32h7xx_it.o
    0x0800142c   0x0800142c   0x000000d8   Code   RO          928    i.ETH_MACDMAConfig  stm32h7xx_hal_eth.o
    0x08001504   0x08001504   0x00000004   Code   RO          664    i.ETH_PHY_IO_DeInit  ethernetif.o
    0x08001508   0x08001508   0x00000004   Code   RO          665    i.ETH_PHY_IO_GetTick  ethernetif.o
    0x0800150c   0x0800150c   0x00000010   Code   RO          666    i.ETH_PHY_IO_Init   ethernetif.o
    0x0800151c   0x0800151c   0x0000001c   Code   RO          667    i.ETH_PHY_IO_ReadReg  ethernetif.o
    0x08001538   0x08001538   0x0000001c   Code   RO          668    i.ETH_PHY_IO_WriteReg  ethernetif.o
    0x08001554   0x08001554   0x00000300   Code   RO          929    i.ETH_Prepare_Tx_Descriptors  stm32h7xx_hal_eth.o
    0x08001854   0x08001854   0x000000b4   Code   RO          930    i.ETH_SetDMAConfig  stm32h7xx_hal_eth.o
    0x08001908   0x08001908   0x000001a8   Code   RO          931    i.ETH_SetMACConfig  stm32h7xx_hal_eth.o
    0x08001ab0   0x08001ab0   0x00000002   Code   RO           13    i.Error_Handler     main.o
    0x08001ab2   0x08001ab2   0x00000002   PAD
    0x08001ab4   0x08001ab4   0x00000024   Code   RO         2865    i.HAL_Delay         stm32h7xx_hal.o
    0x08001ad8   0x08001ad8   0x00000078   Code   RO          932    i.HAL_ETH_BuildRxDescriptors  stm32h7xx_hal_eth.o
    0x08001b50   0x08001b50   0x00000002   Code   RO          933    i.HAL_ETH_DMAErrorCallback  stm32h7xx_hal_eth.o
    0x08001b52   0x08001b52   0x0000003c   Code   RO          935    i.HAL_ETH_DescAssignMemory  stm32h7xx_hal_eth.o
    0x08001b8e   0x08001b8e   0x00000002   Code   RO          936    i.HAL_ETH_EEECallback  stm32h7xx_hal_eth.o
    0x08001b90   0x08001b90   0x000001cc   Code   RO          942    i.HAL_ETH_GetMACConfig  stm32h7xx_hal_eth.o
    0x08001d5c   0x08001d5c   0x0000009a   Code   RO          946    i.HAL_ETH_GetRxDataBuffer  stm32h7xx_hal_eth.o
    0x08001df6   0x08001df6   0x00000034   Code   RO          948    i.HAL_ETH_GetRxDataLength  stm32h7xx_hal_eth.o
    0x08001e2a   0x08001e2a   0x00000128   Code   RO          950    i.HAL_ETH_IRQHandler  stm32h7xx_hal_eth.o
    0x08001f52   0x08001f52   0x00000002   PAD
    0x08001f54   0x08001f54   0x0000020c   Code   RO          951    i.HAL_ETH_Init      stm32h7xx_hal_eth.o
    0x08002160   0x08002160   0x000000e6   Code   RO          952    i.HAL_ETH_IsRxDataAvailable  stm32h7xx_hal_eth.o
    0x08002246   0x08002246   0x00000002   Code   RO          953    i.HAL_ETH_MACErrorCallback  stm32h7xx_hal_eth.o
    0x08002248   0x08002248   0x000000fc   Code   RO          670    i.HAL_ETH_MspInit   ethernetif.o
    0x08002344   0x08002344   0x00000002   Code   RO          956    i.HAL_ETH_PMTCallback  stm32h7xx_hal_eth.o
    0x08002346   0x08002346   0x00000002   PAD
    0x08002348   0x08002348   0x00000064   Code   RO          957    i.HAL_ETH_ReadPHYRegister  stm32h7xx_hal_eth.o
    0x080023ac   0x080023ac   0x0000000c   Code   RO          671    i.HAL_ETH_RxCpltCallback  ethernetif.o
    0x080023b8   0x080023b8   0x00000016   Code   RO          961    i.HAL_ETH_SetMACConfig  stm32h7xx_hal_eth.o
    0x080023ce   0x080023ce   0x00000002   PAD
    0x080023d0   0x080023d0   0x00000078   Code   RO          963    i.HAL_ETH_SetMDIOClockRange  stm32h7xx_hal_eth.o
    0x08002448   0x08002448   0x000000a4   Code   RO          968    i.HAL_ETH_Start_IT  stm32h7xx_hal_eth.o
    0x080024ec   0x080024ec   0x00000092   Code   RO          970    i.HAL_ETH_Stop_IT   stm32h7xx_hal_eth.o
    0x0800257e   0x0800257e   0x000000b2   Code   RO          971    i.HAL_ETH_Transmit  stm32h7xx_hal_eth.o
    0x08002630   0x08002630   0x00000002   Code   RO          973    i.HAL_ETH_TxCpltCallback  stm32h7xx_hal_eth.o
    0x08002632   0x08002632   0x00000002   Code   RO          974    i.HAL_ETH_WakeUpCallback  stm32h7xx_hal_eth.o
    0x08002634   0x08002634   0x00000064   Code   RO          975    i.HAL_ETH_WritePHYRegister  stm32h7xx_hal_eth.o
    0x08002698   0x08002698   0x00000230   Code   RO         1863    i.HAL_GPIO_Init     stm32h7xx_hal_gpio.o
    0x080028c8   0x080028c8   0x0000000a   Code   RO         1867    i.HAL_GPIO_WritePin  stm32h7xx_hal_gpio.o
    0x080028d2   0x080028d2   0x00000002   PAD
    0x080028d4   0x080028d4   0x0000000c   Code   RO         2880    i.HAL_GetREVID      stm32h7xx_hal.o
    0x080028e0   0x080028e0   0x0000000c   Code   RO         2881    i.HAL_GetTick       stm32h7xx_hal.o
    0x080028ec   0x080028ec   0x00000010   Code   RO         2887    i.HAL_IncTick       stm32h7xx_hal.o
    0x080028fc   0x080028fc   0x0000005c   Code   RO         2888    i.HAL_Init          stm32h7xx_hal.o
    0x08002958   0x08002958   0x00000074   Code   RO          546    i.HAL_InitTick      stm32h7xx_hal_timebase_tim.o
    0x080029cc   0x080029cc   0x0000005c   Code   RO         2718    i.HAL_MPU_ConfigRegion  stm32h7xx_hal_cortex.o
    0x08002a28   0x08002a28   0x0000001c   Code   RO         2719    i.HAL_MPU_Disable   stm32h7xx_hal_cortex.o
    0x08002a44   0x08002a44   0x00000024   Code   RO         2720    i.HAL_MPU_Enable    stm32h7xx_hal_cortex.o
    0x08002a68   0x08002a68   0x0000001c   Code   RO          498    i.HAL_MspInit       stm32h7xx_hal_msp.o
    0x08002a84   0x08002a84   0x0000001a   Code   RO         2723    i.HAL_NVIC_EnableIRQ  stm32h7xx_hal_cortex.o
    0x08002a9e   0x08002a9e   0x00000002   PAD
    0x08002aa0   0x08002aa0   0x00000040   Code   RO         2729    i.HAL_NVIC_SetPriority  stm32h7xx_hal_cortex.o
    0x08002ae0   0x08002ae0   0x00000024   Code   RO         2730    i.HAL_NVIC_SetPriorityGrouping  stm32h7xx_hal_cortex.o
    0x08002b04   0x08002b04   0x00000028   Code   RO         5505    i.HAL_PCDEx_ActivateLPM  stm32h7xx_hal_pcd_ex.o
    0x08002b2c   0x08002b2c   0x000000f2   Code   RO         5305    i.HAL_PCD_Init      stm32h7xx_hal_pcd.o
    0x08002c1e   0x08002c1e   0x00000002   PAD
    0x08002c20   0x08002c20   0x0000007c   Code   RO          500    i.HAL_PCD_MspInit   stm32h7xx_hal_msp.o
    0x08002c9c   0x08002c9c   0x00000054   Code   RO         2464    i.HAL_PWREx_ConfigSupply  stm32h7xx_hal_pwr_ex.o
    0x08002cf0   0x08002cf0   0x00000010   Code   RO         2481    i.HAL_PWREx_EnableUSBVoltageDetector  stm32h7xx_hal_pwr_ex.o
    0x08002d00   0x08002d00   0x00000024   Code   RO         1484    i.HAL_RCCEx_GetD3PCLK1Freq  stm32h7xx_hal_rcc_ex.o
    0x08002d24   0x08002d24   0x00000144   Code   RO         1486    i.HAL_RCCEx_GetPLL2ClockFreq  stm32h7xx_hal_rcc_ex.o
    0x08002e68   0x08002e68   0x00000144   Code   RO         1487    i.HAL_RCCEx_GetPLL3ClockFreq  stm32h7xx_hal_rcc_ex.o
    0x08002fac   0x08002fac   0x000008ba   Code   RO         1493    i.HAL_RCCEx_PeriphCLKConfig  stm32h7xx_hal_rcc_ex.o
    0x08003866   0x08003866   0x00000002   PAD
    0x08003868   0x08003868   0x0000025c   Code   RO         1369    i.HAL_RCC_ClockConfig  stm32h7xx_hal_rcc.o
    0x08003ac4   0x08003ac4   0x0000005c   Code   RO         1373    i.HAL_RCC_GetClockConfig  stm32h7xx_hal_rcc.o
    0x08003b20   0x08003b20   0x00000044   Code   RO         1374    i.HAL_RCC_GetHCLKFreq  stm32h7xx_hal_rcc.o
    0x08003b64   0x08003b64   0x00000024   Code   RO         1376    i.HAL_RCC_GetPCLK1Freq  stm32h7xx_hal_rcc.o
    0x08003b88   0x08003b88   0x00000024   Code   RO         1377    i.HAL_RCC_GetPCLK2Freq  stm32h7xx_hal_rcc.o
    0x08003bac   0x08003bac   0x00000138   Code   RO         1378    i.HAL_RCC_GetSysClockFreq  stm32h7xx_hal_rcc.o
    0x08003ce4   0x08003ce4   0x00000508   Code   RO         1381    i.HAL_RCC_OscConfig  stm32h7xx_hal_rcc.o
    0x080041ec   0x080041ec   0x00000014   Code   RO         2900    i.HAL_SYSCFG_ETHInterfaceSelect  stm32h7xx_hal.o
    0x08004200   0x08004200   0x00000002   Code   RO         4498    i.HAL_TIMEx_Break2Callback  stm32h7xx_hal_tim_ex.o
    0x08004202   0x08004202   0x00000002   Code   RO         4499    i.HAL_TIMEx_BreakCallback  stm32h7xx_hal_tim_ex.o
    0x08004204   0x08004204   0x00000002   Code   RO         4500    i.HAL_TIMEx_CommutCallback  stm32h7xx_hal_tim_ex.o
    0x08004206   0x08004206   0x00000062   Code   RO         3784    i.HAL_TIM_Base_Init  stm32h7xx_hal_tim.o
    0x08004268   0x08004268   0x00000002   Code   RO         3786    i.HAL_TIM_Base_MspInit  stm32h7xx_hal_tim.o
    0x0800426a   0x0800426a   0x00000002   PAD
    0x0800426c   0x0800426c   0x00000040   Code   RO         3789    i.HAL_TIM_Base_Start_IT  stm32h7xx_hal_tim.o
    0x080042ac   0x080042ac   0x00000002   Code   RO         3818    i.HAL_TIM_IC_CaptureCallback  stm32h7xx_hal_tim.o
    0x080042ae   0x080042ae   0x00000182   Code   RO         3832    i.HAL_TIM_IRQHandler  stm32h7xx_hal_tim.o
    0x08004430   0x08004430   0x00000002   Code   RO         3835    i.HAL_TIM_OC_DelayElapsedCallback  stm32h7xx_hal_tim.o
    0x08004432   0x08004432   0x00000002   Code   RO         3862    i.HAL_TIM_PWM_PulseFinishedCallback  stm32h7xx_hal_tim.o
    0x08004434   0x08004434   0x0000000e   Code   RO           14    i.HAL_TIM_PeriodElapsedCallback  main.o
    0x08004442   0x08004442   0x00000002   Code   RO         3875    i.HAL_TIM_TriggerCallback  stm32h7xx_hal_tim.o
    0x08004444   0x08004444   0x00000040   Code   RO         5191    i.HAL_UARTEx_DisableFifoMode  stm32h7xx_hal_uart_ex.o
    0x08004484   0x08004484   0x0000004c   Code   RO         5196    i.HAL_UARTEx_SetRxFifoThreshold  stm32h7xx_hal_uart_ex.o
    0x080044d0   0x080044d0   0x0000004c   Code   RO         5197    i.HAL_UARTEx_SetTxFifoThreshold  stm32h7xx_hal_uart_ex.o
    0x0800451c   0x0800451c   0x0000006a   Code   RO         4817    i.HAL_UART_Init     stm32h7xx_hal_uart.o
    0x08004586   0x08004586   0x00000002   PAD
    0x08004588   0x08004588   0x00000068   Code   RO          502    i.HAL_UART_MspInit  stm32h7xx_hal_msp.o
    0x080045f0   0x080045f0   0x00000002   Code   RO          431    i.HardFault_Handler  stm32h7xx_it.o
    0x080045f2   0x080045f2   0x00000002   PAD
    0x080045f4   0x080045f4   0x00000024   Code   RO        12063    i.ITM_SendChar      retarget_io.o
    0x08004618   0x08004618   0x00000094   Code   RO          844    i.LAN8742_GetLinkState  lan8742.o
    0x080046ac   0x080046ac   0x000000cc   Code   RO          845    i.LAN8742_Init      lan8742.o
    0x08004778   0x08004778   0x0000002c   Code   RO          846    i.LAN8742_RegisterBusIO  lan8742.o
    0x080047a4   0x080047a4   0x0000008c   Code   RO           15    i.MPU_Config        main.o
    0x08004830   0x08004830   0x00000128   Code   RO           16    i.MX_GPIO_Init      main.o
    0x08004958   0x08004958   0x00000168   Code   RO          585    i.MX_LWIP_Init      lwip.o
    0x08004ac0   0x08004ac0   0x0000004c   Code   RO           17    i.MX_USART3_UART_Init  main.o
    0x08004b0c   0x08004b0c   0x00000034   Code   RO           18    i.MX_USB_OTG_FS_PCD_Init  main.o
    0x08004b40   0x08004b40   0x00000002   Code   RO          432    i.MemManage_Handler  stm32h7xx_it.o
    0x08004b42   0x08004b42   0x00000002   Code   RO          433    i.NMI_Handler       stm32h7xx_it.o
    0x08004b44   0x08004b44   0x00000120   Code   RO         1496    i.RCCEx_PLL2_Config  stm32h7xx_hal_rcc_ex.o
    0x08004c64   0x08004c64   0x00000120   Code   RO         1497    i.RCCEx_PLL3_Config  stm32h7xx_hal_rcc_ex.o
    0x08004d84   0x08004d84   0x00000068   Code   RO           19    i.StartDefaultTask  main.o
    0x08004dec   0x08004dec   0x0000002c   Code   RO         7113    i.SysTick_Handler   port.o
    0x08004e18   0x08004e18   0x000000bc   Code   RO           20    i.SystemClock_Config  main.o
    0x08004ed4   0x08004ed4   0x000000e4   Code   RO         5877    i.SystemInit        system_stm32h7xx.o
    0x08004fb8   0x08004fb8   0x0000000c   Code   RO          434    i.TIM2_IRQHandler   stm32h7xx_it.o
    0x08004fc4   0x08004fc4   0x000000c4   Code   RO         3877    i.TIM_Base_SetConfig  stm32h7xx_hal_tim.o
    0x08005088   0x08005088   0x00000064   Code   RO         5201    i.UARTEx_SetNbDataToProcess  stm32h7xx_hal_uart_ex.o
    0x080050ec   0x080050ec   0x000000c8   Code   RO         4831    i.UART_AdvFeatureConfig  stm32h7xx_hal_uart.o
    0x080051b4   0x080051b4   0x0000005e   Code   RO         4832    i.UART_CheckIdleState  stm32h7xx_hal_uart.o
    0x08005212   0x08005212   0x00000002   PAD
    0x08005214   0x08005214   0x000003b0   Code   RO         4849    i.UART_SetConfig    stm32h7xx_hal_uart.o
    0x080055c4   0x080055c4   0x000000a4   Code   RO         4854    i.UART_WaitOnFlagUntilTimeout  stm32h7xx_hal_uart.o
    0x08005668   0x08005668   0x00000078   Code   RO         5581    i.USB_CoreInit      stm32h7xx_ll_usb.o
    0x080056e0   0x080056e0   0x00000038   Code   RO         5582    i.USB_CoreReset     stm32h7xx_ll_usb.o
    0x08005718   0x08005718   0x00000018   Code   RO         5587    i.USB_DevDisconnect  stm32h7xx_ll_usb.o
    0x08005730   0x08005730   0x00000178   Code   RO         5588    i.USB_DevInit       stm32h7xx_ll_usb.o
    0x080058a8   0x080058a8   0x0000000c   Code   RO         5589    i.USB_DisableGlobalInt  stm32h7xx_ll_usb.o
    0x080058b4   0x080058b4   0x00000020   Code   RO         5598    i.USB_FlushRxFifo   stm32h7xx_ll_usb.o
    0x080058d4   0x080058d4   0x00000024   Code   RO         5599    i.USB_FlushTxFifo   stm32h7xx_ll_usb.o
    0x080058f8   0x080058f8   0x0000002e   Code   RO         5617    i.USB_SetCurrentMode  stm32h7xx_ll_usb.o
    0x08005926   0x08005926   0x00000002   Code   RO          435    i.UsageFault_Handler  stm32h7xx_it.o
    0x08005928   0x08005928   0x00000022   Code   RO         2736    i.__NVIC_SetPriority  stm32h7xx_hal_cortex.o
    0x0800594a   0x0800594a   0x00000018   Code   RO        12064    i._sys_close        retarget_io.o
    0x08005962   0x08005962   0x0000000c   Code   RO        12065    i._sys_flen         retarget_io.o
    0x0800596e   0x0800596e   0x00000018   Code   RO        12066    i._sys_istty        retarget_io.o
    0x08005986   0x08005986   0x00000002   PAD
    0x08005988   0x08005988   0x0000005c   Code   RO        12067    i._sys_open         retarget_io.o
    0x080059e4   0x080059e4   0x0000000a   Code   RO        12069    i._sys_seek         retarget_io.o
    0x080059ee   0x080059ee   0x0000003c   Code   RO        12070    i._sys_write        retarget_io.o
    0x08005a2a   0x08005a2a   0x00000004   Code   RO        12071    i._ttywrch          retarget_io.o
    0x08005a2e   0x08005a2e   0x00000002   PAD
    0x08005a30   0x08005a30   0x000000a8   Code   RO         9574    i.do_memp_free_pool  memp.o
    0x08005ad8   0x08005ad8   0x000000b8   Code   RO         9575    i.do_memp_malloc_pool  memp.o
    0x08005b90   0x08005b90   0x000001c8   Code   RO         8307    i.err_tcp           api_msg.o
    0x08005d58   0x08005d58   0x0000002c   Code   RO        11056    i.etharp_cleanup_netif  etharp.o
    0x08005d84   0x08005d84   0x0000025c   Code   RO        11058    i.etharp_find_entry  etharp.o
    0x08005fe0   0x08005fe0   0x00000024   Code   RO        11059    i.etharp_free_entry  etharp.o
    0x08006004   0x08006004   0x00000104   Code   RO        11061    i.etharp_input      etharp.o
    0x08006108   0x08006108   0x000001b0   Code   RO        11062    i.etharp_output     etharp.o
    0x080062b8   0x080062b8   0x00000110   Code   RO        11063    i.etharp_output_to_arp_index  etharp.o
    0x080063c8   0x080063c8   0x000001e8   Code   RO        11064    i.etharp_query      etharp.o
    0x080065b0   0x080065b0   0x00000174   Code   RO        11065    i.etharp_raw        etharp.o
    0x08006724   0x08006724   0x0000000c   Code   RO        11066    i.etharp_request    etharp.o
    0x08006730   0x08006730   0x00000020   Code   RO        11067    i.etharp_request_dst  etharp.o
    0x08006750   0x08006750   0x00000060   Code   RO        11068    i.etharp_tmr        etharp.o
    0x080067b0   0x080067b0   0x0000011c   Code   RO        11069    i.etharp_update_arp_entry  etharp.o
    0x080068cc   0x080068cc   0x000000a4   Code   RO         7828    i.ethernet_input    ethernet.o
    0x08006970   0x08006970   0x00000002   Code   RO          586    i.ethernet_link_status_updated  lwip.o
    0x08006972   0x08006972   0x00000002   PAD
    0x08006974   0x08006974   0x000000a0   Code   RO          672    i.ethernet_link_thread  ethernetif.o
    0x08006a14   0x08006a14   0x000000f8   Code   RO         7829    i.ethernet_output   ethernet.o
    0x08006b0c   0x08006b0c   0x00000090   Code   RO          673    i.ethernetif_init   ethernetif.o
    0x08006b9c   0x08006b9c   0x00000034   Code   RO          674    i.ethernetif_input  ethernetif.o
    0x08006bd0   0x08006bd0   0x0000001a   Code   RO        12326    i.fputc             c_w.l(fputc.o)
    0x08006bea   0x08006bea   0x00000008   Code   RO        11163    i.icmp_dest_unreach  icmp.o
    0x08006bf2   0x08006bf2   0x00000002   PAD
    0x08006bf4   0x08006bf4   0x00000200   Code   RO        11164    i.icmp_input        icmp.o
    0x08006df4   0x08006df4   0x0000011c   Code   RO        11165    i.icmp_send_response  icmp.o
    0x08006f10   0x08006f10   0x00000008   Code   RO        11166    i.icmp_time_exceeded  icmp.o
    0x08006f18   0x08006f18   0x0000000c   Code   RO         6682    i.inHandlerMode     cmsis_os.o
    0x08006f24   0x08006f24   0x0000000c   Code   RO         9339    i.inet_chksum       inet_chksum.o
    0x08006f30   0x08006f30   0x0000004a   Code   RO         9340    i.inet_chksum_pbuf  inet_chksum.o
    0x08006f7a   0x08006f7a   0x0000002e   Code   RO        11292    i.ip4_addr_isbroadcast_u32  ip4_addr.o
    0x08006fa8   0x08006fa8   0x00000268   Code   RO        11365    i.ip4_frag          ip4_frag.o
    0x08007210   0x08007210   0x00000174   Code   RO        11233    i.ip4_input         ip4.o
    0x08007384   0x08007384   0x0000002c   Code   RO        11234    i.ip4_input_accept  ip4.o
    0x080073b0   0x080073b0   0x0000001e   Code   RO        11236    i.ip4_output_if     ip4.o
    0x080073ce   0x080073ce   0x00000002   PAD
    0x080073d0   0x080073d0   0x00000178   Code   RO        11237    i.ip4_output_if_src  ip4.o
    0x08007548   0x08007548   0x00000288   Code   RO        11366    i.ip4_reass         ip4_frag.o
    0x080077d0   0x080077d0   0x00000060   Code   RO        11238    i.ip4_route         ip4.o
    0x08007830   0x08007830   0x00000090   Code   RO        11367    i.ip_frag_free_pbuf_custom_ref  ip4_frag.o
    0x080078c0   0x080078c0   0x00000248   Code   RO        11368    i.ip_reass_chain_frag_into_datagram_and_validate  ip4_frag.o
    0x08007b08   0x08007b08   0x000000bc   Code   RO        11369    i.ip_reass_dequeue_datagram  ip4_frag.o
    0x08007bc4   0x08007bc4   0x00000198   Code   RO        11370    i.ip_reass_free_complete_datagram  ip4_frag.o
    0x08007d5c   0x08007d5c   0x00000080   Code   RO        11371    i.ip_reass_remove_oldest_datagram  ip4_frag.o
    0x08007ddc   0x08007ddc   0x0000002c   Code   RO        11372    i.ip_reass_tmr      ip4_frag.o
    0x08007e08   0x08007e08   0x00000098   Code   RO        11373    i.ipfrag_free_pbuf_custom  ip4_frag.o
    0x08007ea0   0x08007ea0   0x000001a0   Code   RO          675    i.low_level_init    ethernetif.o
    0x08008040   0x08008040   0x00000098   Code   RO          676    i.low_level_input   ethernetif.o
    0x080080d8   0x080080d8   0x00000068   Code   RO          677    i.low_level_output  ethernetif.o
    0x08008140   0x08008140   0x0000003c   Code   RO        10790    i.lwip_cyclic_timer  timeouts.o
    0x0800817c   0x0800817c   0x00000004   Code   RO         9259    i.lwip_htonl        def.o
    0x08008180   0x08008180   0x00000004   Code   RO         9260    i.lwip_htons        def.o
    0x08008184   0x08008184   0x00000022   Code   RO         9416    i.lwip_init         init.o
    0x080081a6   0x080081a6   0x00000036   Code   RO         8308    i.lwip_netconn_do_bind  api_msg.o
    0x080081dc   0x080081dc   0x00000138   Code   RO         8310    i.lwip_netconn_do_close  api_msg.o
    0x08008314   0x08008314   0x000002c4   Code   RO         8311    i.lwip_netconn_do_close_internal  api_msg.o
    0x080085d8   0x080085d8   0x00000164   Code   RO         8312    i.lwip_netconn_do_connect  api_msg.o
    0x0800873c   0x0800873c   0x00000180   Code   RO         8313    i.lwip_netconn_do_connected  api_msg.o
    0x080088bc   0x080088bc   0x00000198   Code   RO         8314    i.lwip_netconn_do_delconn  api_msg.o
    0x08008a54   0x08008a54   0x00000012   Code   RO         8318    i.lwip_netconn_do_newconn  api_msg.o
    0x08008a66   0x08008a66   0x00000042   Code   RO         8319    i.lwip_netconn_do_recv  api_msg.o
    0x08008aa8   0x08008aa8   0x00000042   Code   RO         8320    i.lwip_netconn_do_send  api_msg.o
    0x08008aea   0x08008aea   0x00000002   PAD
    0x08008aec   0x08008aec   0x00000388   Code   RO         8322    i.lwip_netconn_do_writemore  api_msg.o
    0x08008e74   0x08008e74   0x000000a8   Code   RO         8323    i.lwip_netconn_err_to_msg  api_msg.o
    0x08008f1c   0x08008f1c   0x000000ac   Code   RO         8324    i.lwip_netconn_is_err_msg  api_msg.o
    0x08008fc8   0x08008fc8   0x0000005c   Code   RO         9347    i.lwip_standard_chksum  inet_chksum.o
    0x08009024   0x08009024   0x000000b8   Code   RO           21    i.main              main.o
    0x080090dc   0x080090dc   0x0000000e   Code   RO         6684    i.makeFreeRtosPriority  cmsis_os.o
    0x080090ea   0x080090ea   0x00000002   PAD
    0x080090ec   0x080090ec   0x000001c8   Code   RO         9496    i.mem_free          mem.o
    0x080092b4   0x080092b4   0x000000c4   Code   RO         9497    i.mem_init          mem.o
    0x08009378   0x08009378   0x0000024c   Code   RO         9498    i.mem_malloc        mem.o
    0x080095c4   0x080095c4   0x00000010   Code   RO         9499    i.mem_to_ptr        mem.o
    0x080095d4   0x080095d4   0x000001e4   Code   RO         9500    i.mem_trim          mem.o
    0x080097b8   0x080097b8   0x0000009c   Code   RO         9576    i.memp_free         memp.o
    0x08009854   0x08009854   0x00000088   Code   RO         9577    i.memp_free_pool    memp.o
    0x080098dc   0x080098dc   0x00000020   Code   RO         9578    i.memp_init         memp.o
    0x080098fc   0x080098fc   0x0000002a   Code   RO         9579    i.memp_init_pool    memp.o
    0x08009926   0x08009926   0x00000002   PAD
    0x08009928   0x08009928   0x000000a4   Code   RO         9580    i.memp_malloc       memp.o
    0x080099cc   0x080099cc   0x0000008c   Code   RO         9581    i.memp_malloc_pool  memp.o
    0x08009a58   0x08009a58   0x00000022   Code   RO         8615    i.netbuf_delete     netbuf.o
    0x08009a7a   0x08009a7a   0x00000002   PAD
    0x08009a7c   0x08009a7c   0x00000104   Code   RO         8325    i.netconn_alloc     api_msg.o
    0x08009b80   0x08009b80   0x00000016   Code   RO         8067    i.netconn_apimsg    api_lib.o
    0x08009b96   0x08009b96   0x00000002   PAD
    0x08009b98   0x08009b98   0x000000b8   Code   RO         8068    i.netconn_bind      api_lib.o
    0x08009c50   0x08009c50   0x000000b0   Code   RO         8071    i.netconn_close_shutdown  api_lib.o
    0x08009d00   0x08009d00   0x000000bc   Code   RO         8072    i.netconn_connect   api_lib.o
    0x08009dbc   0x08009dbc   0x0000001e   Code   RO         8073    i.netconn_delete    api_lib.o
    0x08009dda   0x08009dda   0x0000009c   Code   RO         8326    i.netconn_drain     api_msg.o
    0x08009e76   0x08009e76   0x0000001e   Code   RO         8075    i.netconn_err       api_lib.o
    0x08009e94   0x08009e94   0x0000016c   Code   RO         8327    i.netconn_free      api_msg.o
    0x0800a000   0x0800a000   0x00000178   Code   RO         8078    i.netconn_new_with_proto_and_callback  api_lib.o
    0x0800a178   0x0800a178   0x00000020   Code   RO         8079    i.netconn_prepare_delete  api_lib.o
    0x0800a198   0x0800a198   0x0000013c   Code   RO         8080    i.netconn_recv      api_lib.o
    0x0800a2d4   0x0800a2d4   0x0000018c   Code   RO         8081    i.netconn_recv_data  api_lib.o
    0x0800a460   0x0800a460   0x00000092   Code   RO         8082    i.netconn_recv_data_tcp  api_lib.o
    0x0800a4f2   0x0800a4f2   0x00000002   PAD
    0x0800a4f4   0x0800a4f4   0x000000a8   Code   RO         8087    i.netconn_send      api_lib.o
    0x0800a59c   0x0800a59c   0x000000b8   Code   RO         8091    i.netconn_tcp_recvd_msg  api_lib.o
    0x0800a654   0x0800a654   0x000001dc   Code   RO         9724    i.netif_add         netif.o
    0x0800a830   0x0800a830   0x00000016   Code   RO         9726    i.netif_do_ip_addr_changed  netif.o
    0x0800a846   0x0800a846   0x00000016   Code   RO         9727    i.netif_do_set_gw   netif.o
    0x0800a85c   0x0800a85c   0x000000c4   Code   RO         9728    i.netif_do_set_ipaddr  netif.o
    0x0800a920   0x0800a920   0x00000016   Code   RO         9729    i.netif_do_set_netmask  netif.o
    0x0800a936   0x0800a936   0x00000002   PAD
    0x0800a938   0x0800a938   0x00000028   Code   RO         9731    i.netif_get_by_index  netif.o
    0x0800a960   0x0800a960   0x00000002   Code   RO         9733    i.netif_init        netif.o
    0x0800a962   0x0800a962   0x00000002   PAD
    0x0800a964   0x0800a964   0x000000c0   Code   RO         9735    i.netif_issue_reports  netif.o
    0x0800aa24   0x0800aa24   0x00000006   Code   RO         9737    i.netif_null_output_ip4  netif.o
    0x0800aa2a   0x0800aa2a   0x00000002   PAD
    0x0800aa2c   0x0800aa2c   0x00000060   Code   RO         9739    i.netif_set_addr    netif.o
    0x0800aa8c   0x0800aa8c   0x0000000c   Code   RO         9740    i.netif_set_default  netif.o
    0x0800aa98   0x0800aa98   0x000000a8   Code   RO         9741    i.netif_set_down    netif.o
    0x0800ab40   0x0800ab40   0x00000008   Code   RO         9744    i.netif_set_link_callback  netif.o
    0x0800ab48   0x0800ab48   0x000000ac   Code   RO         9745    i.netif_set_link_down  netif.o
    0x0800abf4   0x0800abf4   0x000000c0   Code   RO         9746    i.netif_set_link_up  netif.o
    0x0800acb4   0x0800acb4   0x000000a0   Code   RO         9748    i.netif_set_up      netif.o
    0x0800ad54   0x0800ad54   0x0000000e   Code   RO         6686    i.osDelay           cmsis_os.o
    0x0800ad62   0x0800ad62   0x0000000a   Code   RO         6689    i.osKernelStart     cmsis_os.o
    0x0800ad6c   0x0800ad6c   0x00000018   Code   RO         6690    i.osKernelSysTick   cmsis_os.o
    0x0800ad84   0x0800ad84   0x00000026   Code   RO         6698    i.osMessageCreate   cmsis_os.o
    0x0800adaa   0x0800adaa   0x00000018   Code   RO         6699    i.osMessageDelete   cmsis_os.o
    0x0800adc2   0x0800adc2   0x00000002   PAD
    0x0800adc4   0x0800adc4   0x00000094   Code   RO         6700    i.osMessageGet      cmsis_os.o
    0x0800ae58   0x0800ae58   0x0000005c   Code   RO         6702    i.osMessagePut      cmsis_os.o
    0x0800aeb4   0x0800aeb4   0x0000001e   Code   RO         6703    i.osMessageWaiting  cmsis_os.o
    0x0800aed2   0x0800aed2   0x00000010   Code   RO         6704    i.osMutexCreate     cmsis_os.o
    0x0800aee2   0x0800aee2   0x00000002   PAD
    0x0800aee4   0x0800aee4   0x00000050   Code   RO         6706    i.osMutexRelease    cmsis_os.o
    0x0800af34   0x0800af34   0x00000068   Code   RO         6707    i.osMutexWait       cmsis_os.o
    0x0800af9c   0x0800af9c   0x0000003e   Code   RO         6715    i.osSemaphoreCreate  cmsis_os.o
    0x0800afda   0x0800afda   0x00000018   Code   RO         6716    i.osSemaphoreDelete  cmsis_os.o
    0x0800aff2   0x0800aff2   0x00000002   PAD
    0x0800aff4   0x0800aff4   0x00000050   Code   RO         6718    i.osSemaphoreRelease  cmsis_os.o
    0x0800b044   0x0800b044   0x00000068   Code   RO         6719    i.osSemaphoreWait   cmsis_os.o
    0x0800b0ac   0x0800b0ac   0x00000054   Code   RO         6723    i.osThreadCreate    cmsis_os.o
    0x0800b100   0x0800b100   0x00000006   Code   RO         9916    i.pbuf_add_header   pbuf.o
    0x0800b106   0x0800b106   0x00000002   PAD
    0x0800b108   0x0800b108   0x000000c0   Code   RO         9918    i.pbuf_add_header_impl  pbuf.o
    0x0800b1c8   0x0800b1c8   0x0000025c   Code   RO         9919    i.pbuf_alloc        pbuf.o
    0x0800b424   0x0800b424   0x000000b0   Code   RO         9920    i.pbuf_alloc_reference  pbuf.o
    0x0800b4d4   0x0800b4d4   0x00000036   Code   RO         9921    i.pbuf_alloced_custom  pbuf.o
    0x0800b50a   0x0800b50a   0x00000002   PAD
    0x0800b50c   0x0800b50c   0x00000130   Code   RO         9922    i.pbuf_cat          pbuf.o
    0x0800b63c   0x0800b63c   0x00000012   Code   RO         9923    i.pbuf_chain        pbuf.o
    0x0800b64e   0x0800b64e   0x00000012   Code   RO         9924    i.pbuf_clen         pbuf.o
    0x0800b660   0x0800b660   0x0000009c   Code   RO         9925    i.pbuf_clone        pbuf.o
    0x0800b6fc   0x0800b6fc   0x000001e0   Code   RO         9927    i.pbuf_copy         pbuf.o
    0x0800b8dc   0x0800b8dc   0x0000011c   Code   RO         9928    i.pbuf_copy_partial  pbuf.o
    0x0800b9f8   0x0800b9f8   0x00000168   Code   RO         9930    i.pbuf_free         pbuf.o
    0x0800bb60   0x0800bb60   0x0000000c   Code   RO          678    i.pbuf_free_custom  ethernetif.o
    0x0800bb6c   0x0800bb6c   0x00000034   Code   RO         9932    i.pbuf_free_ooseq_callback  pbuf.o
    0x0800bba0   0x0800bba0   0x00000006   Code   RO         9936    i.pbuf_header_force  pbuf.o
    0x0800bba6   0x0800bba6   0x0000000e   Code   RO         9937    i.pbuf_header_impl  pbuf.o
    0x0800bbb4   0x0800bbb4   0x0000001c   Code   RO         9938    i.pbuf_init_alloced_pbuf  pbuf.o
    0x0800bbd0   0x0800bbd0   0x00000134   Code   RO         9942    i.pbuf_realloc      pbuf.o
    0x0800bd04   0x0800bd04   0x0000009c   Code   RO         9943    i.pbuf_ref          pbuf.o
    0x0800bda0   0x0800bda0   0x000000d0   Code   RO         9944    i.pbuf_remove_header  pbuf.o
    0x0800be70   0x0800be70   0x000000f8   Code   RO         8328    i.pcb_new           api_msg.o
    0x0800bf68   0x0800bf68   0x000001a0   Code   RO         9501    i.plug_holes        mem.o
    0x0800c108   0x0800c108   0x000000dc   Code   RO         8329    i.poll_tcp          api_msg.o
    0x0800c1e4   0x0800c1e4   0x00000070   Code   RO         6378    i.prvAddCurrentTaskToDelayedList  tasks.o
    0x0800c254   0x0800c254   0x000000d0   Code   RO         6379    i.prvAddNewTaskToReadyList  tasks.o
    0x0800c324   0x0800c324   0x00000026   Code   RO         6054    i.prvCopyDataFromQueue  queue.o
    0x0800c34a   0x0800c34a   0x0000006c   Code   RO         6055    i.prvCopyDataToQueue  queue.o
    0x0800c3b6   0x0800c3b6   0x00000034   Code   RO         6380    i.prvDeleteTCB      tasks.o
    0x0800c3ea   0x0800c3ea   0x00000002   PAD
    0x0800c3ec   0x0800c3ec   0x00000050   Code   RO         7051    i.prvHeapInit       heap_4.o
    0x0800c43c   0x0800c43c   0x00000060   Code   RO         6381    i.prvIdleTask       tasks.o
    0x0800c49c   0x0800c49c   0x00000016   Code   RO         6056    i.prvInitialiseMutex  queue.o
    0x0800c4b2   0x0800c4b2   0x00000016   Code   RO         6057    i.prvInitialiseNewQueue  queue.o
    0x0800c4c8   0x0800c4c8   0x0000009a   Code   RO         6382    i.prvInitialiseNewTask  tasks.o
    0x0800c562   0x0800c562   0x00000002   PAD
    0x0800c564   0x0800c564   0x0000004c   Code   RO         7052    i.prvInsertBlockIntoFreeList  heap_4.o
    0x0800c5b0   0x0800c5b0   0x0000001c   Code   RO         6058    i.prvIsQueueEmpty   queue.o
    0x0800c5cc   0x0800c5cc   0x00000020   Code   RO         6383    i.prvResetNextTaskUnblockTime  tasks.o
    0x0800c5ec   0x0800c5ec   0x00000028   Code   RO         7114    i.prvTaskExitError  port.o
    0x0800c614   0x0800c614   0x0000006a   Code   RO         6059    i.prvUnlockQueue    queue.o
    0x0800c67e   0x0800c67e   0x00000002   PAD
    0x0800c680   0x0800c680   0x0000000c   Code   RO         9502    i.ptr_to_mem        mem.o
    0x0800c68c   0x0800c68c   0x000000d8   Code   RO         7053    i.pvPortMalloc      heap_4.o
    0x0800c764   0x0800c764   0x00000018   Code   RO         6385    i.pvTaskIncrementMutexHeldCount  tasks.o
    0x0800c77c   0x0800c77c   0x00000030   Code   RO         7115    i.pxPortInitialiseStack  port.o
    0x0800c7ac   0x0800c7ac   0x00000184   Code   RO         8330    i.recv_tcp          api_msg.o
    0x0800c930   0x0800c930   0x00000164   Code   RO         8331    i.recv_udp          api_msg.o
    0x0800ca94   0x0800ca94   0x000000d0   Code   RO         8332    i.sent_tcp          api_msg.o
    0x0800cb64   0x0800cb64   0x00000044   Code   RO         8333    i.setup_tcp         api_msg.o
    0x0800cba8   0x0800cba8   0x00000046   Code   RO        11659    i.sys_arch_mbox_fetch  sys_arch.o
    0x0800cbee   0x0800cbee   0x00000022   Code   RO        11660    i.sys_arch_mbox_tryfetch  sys_arch.o
    0x0800cc10   0x0800cc10   0x00000018   Code   RO        11661    i.sys_arch_protect  sys_arch.o
    0x0800cc28   0x0800cc28   0x00000038   Code   RO        11662    i.sys_arch_sem_wait  sys_arch.o
    0x0800cc60   0x0800cc60   0x0000000c   Code   RO        11663    i.sys_arch_unprotect  sys_arch.o
    0x0800cc6c   0x0800cc6c   0x00000044   Code   RO        10791    i.sys_check_timeouts  timeouts.o
    0x0800ccb0   0x0800ccb0   0x00000018   Code   RO        11664    i.sys_init          sys_arch.o
    0x0800ccc8   0x0800ccc8   0x00000014   Code   RO        11665    i.sys_mbox_free     sys_arch.o
    0x0800ccdc   0x0800ccdc   0x0000002c   Code   RO        11666    i.sys_mbox_new      sys_arch.o
    0x0800cd08   0x0800cd08   0x00000006   Code   RO        11668    i.sys_mbox_set_invalid  sys_arch.o
    0x0800cd0e   0x0800cd0e   0x00000014   Code   RO        11669    i.sys_mbox_trypost  sys_arch.o
    0x0800cd22   0x0800cd22   0x0000000a   Code   RO        11671    i.sys_mbox_valid    sys_arch.o
    0x0800cd2c   0x0800cd2c   0x0000000a   Code   RO        11673    i.sys_mutex_lock    sys_arch.o
    0x0800cd36   0x0800cd36   0x0000001e   Code   RO        11674    i.sys_mutex_new     sys_arch.o
    0x0800cd54   0x0800cd54   0x00000006   Code   RO        11675    i.sys_mutex_unlock  sys_arch.o
    0x0800cd5a   0x0800cd5a   0x00000004   Code   RO          680    i.sys_now           ethernetif.o
    0x0800cd5e   0x0800cd5e   0x00000006   Code   RO        11676    i.sys_sem_free      sys_arch.o
    0x0800cd64   0x0800cd64   0x0000002c   Code   RO        11677    i.sys_sem_new       sys_arch.o
    0x0800cd90   0x0800cd90   0x00000006   Code   RO        11678    i.sys_sem_set_invalid  sys_arch.o
    0x0800cd96   0x0800cd96   0x00000006   Code   RO        11679    i.sys_sem_signal    sys_arch.o
    0x0800cd9c   0x0800cd9c   0x0000000a   Code   RO        11680    i.sys_sem_valid     sys_arch.o
    0x0800cda6   0x0800cda6   0x00000030   Code   RO        11681    i.sys_thread_new    sys_arch.o
    0x0800cdd6   0x0800cdd6   0x00000002   PAD
    0x0800cdd8   0x0800cdd8   0x000000c4   Code   RO        10793    i.sys_timeout       timeouts.o
    0x0800ce9c   0x0800ce9c   0x000000f8   Code   RO        10794    i.sys_timeout_abs   timeouts.o
    0x0800cf94   0x0800cf94   0x00000028   Code   RO        10795    i.sys_timeouts_init  timeouts.o
    0x0800cfbc   0x0800cfbc   0x00000028   Code   RO        10796    i.sys_timeouts_sleeptime  timeouts.o
    0x0800cfe4   0x0800cfe4   0x000001b0   Code   RO        10216    i.tcp_abandon       tcp.o
    0x0800d194   0x0800d194   0x00000006   Code   RO        10217    i.tcp_abort         tcp.o
    0x0800d19a   0x0800d19a   0x0000000e   Code   RO        10218    i.tcp_accept        tcp.o
    0x0800d1a8   0x0800d1a8   0x0000012c   Code   RO        10220    i.tcp_alloc         tcp.o
    0x0800d2d4   0x0800d2d4   0x00000008   Code   RO        10221    i.tcp_arg           tcp.o
    0x0800d2dc   0x0800d2dc   0x0000014c   Code   RO        10222    i.tcp_bind          tcp.o
    0x0800d428   0x0800d428   0x000000a0   Code   RO        10224    i.tcp_close         tcp.o
    0x0800d4c8   0x0800d4c8   0x000001dc   Code   RO        10225    i.tcp_close_shutdown  tcp.o
    0x0800d6a4   0x0800d6a4   0x000000c4   Code   RO        10226    i.tcp_close_shutdown_fin  tcp.o
    0x0800d768   0x0800d768   0x000001dc   Code   RO        10227    i.tcp_connect       tcp.o
    0x0800d944   0x0800d944   0x00000184   Code   RO        10626    i.tcp_create_segment  tcp_out.o
    0x0800dac8   0x0800dac8   0x000000b8   Code   RO        10229    i.tcp_eff_send_mss_netif  tcp.o
    0x0800db80   0x0800db80   0x00000238   Code   RO        10627    i.tcp_enqueue_flags  tcp_out.o
    0x0800ddb8   0x0800ddb8   0x000000a4   Code   RO        10230    i.tcp_err           tcp.o
    0x0800de5c   0x0800de5c   0x0000006c   Code   RO        10231    i.tcp_fasttmr       tcp.o
    0x0800dec8   0x0800dec8   0x00000090   Code   RO        10232    i.tcp_free          tcp.o
    0x0800df58   0x0800df58   0x00000140   Code   RO        10533    i.tcp_free_acked_segments  tcp_in.o
    0x0800e098   0x0800e098   0x00000014   Code   RO        10233    i.tcp_free_ooseq    tcp.o
    0x0800e0ac   0x0800e0ac   0x00000028   Code   RO        10534    i.tcp_get_next_optbyte  tcp_in.o
    0x0800e0d4   0x0800e0d4   0x00000018   Code   RO        10234    i.tcp_init          tcp.o
    0x0800e0ec   0x0800e0ec   0x00000650   Code   RO        10535    i.tcp_input         tcp_in.o
    0x0800e73c   0x0800e73c   0x000000d4   Code   RO        10536    i.tcp_input_delayed_close  tcp_in.o
    0x0800e810   0x0800e810   0x000000cc   Code   RO        10628    i.tcp_keepalive     tcp_out.o
    0x0800e8dc   0x0800e8dc   0x000000bc   Code   RO        10235    i.tcp_kill_state    tcp.o
    0x0800e998   0x0800e998   0x00000070   Code   RO        10236    i.tcp_listen_closed  tcp.o
    0x0800ea08   0x0800ea08   0x00000198   Code   RO        10537    i.tcp_listen_input  tcp_in.o
    0x0800eba0   0x0800eba0   0x0000004c   Code   RO        10239    i.tcp_netif_ip_addr_changed  tcp.o
    0x0800ebec   0x0800ebec   0x000000c0   Code   RO        10240    i.tcp_netif_ip_addr_changed_pcblist  tcp.o
    0x0800ecac   0x0800ecac   0x00000006   Code   RO        10242    i.tcp_new_ip_type   tcp.o
    0x0800ecb2   0x0800ecb2   0x00000002   PAD
    0x0800ecb4   0x0800ecb4   0x00000060   Code   RO        10243    i.tcp_new_port      tcp.o
    0x0800ed14   0x0800ed14   0x00000098   Code   RO        10244    i.tcp_next_iss      tcp.o
    0x0800edac   0x0800edac   0x00000110   Code   RO        10538    i.tcp_oos_insert_segment  tcp_in.o
    0x0800eebc   0x0800eebc   0x000002e0   Code   RO        10629    i.tcp_output        tcp_out.o
    0x0800f19c   0x0800f19c   0x000000cc   Code   RO        10630    i.tcp_output_alloc_header  tcp_out.o
    0x0800f268   0x0800f268   0x00000110   Code   RO        10631    i.tcp_output_alloc_header_common  tcp_out.o
    0x0800f378   0x0800f378   0x000000e0   Code   RO        10632    i.tcp_output_control_segment  tcp_out.o
    0x0800f458   0x0800f458   0x000000dc   Code   RO        10633    i.tcp_output_fill_options  tcp_out.o
    0x0800f534   0x0800f534   0x000001e4   Code   RO        10634    i.tcp_output_segment  tcp_out.o
    0x0800f718   0x0800f718   0x000000a8   Code   RO        10635    i.tcp_output_segment_busy  tcp_out.o
    0x0800f7c0   0x0800f7c0   0x000000fc   Code   RO        10539    i.tcp_parseopt      tcp_in.o
    0x0800f8bc   0x0800f8bc   0x00000150   Code   RO        10636    i.tcp_pbuf_prealloc  tcp_out.o
    0x0800fa0c   0x0800fa0c   0x000000cc   Code   RO        10245    i.tcp_pcb_purge     tcp.o
    0x0800fad8   0x0800fad8   0x00000190   Code   RO        10246    i.tcp_pcb_remove    tcp.o
    0x0800fc68   0x0800fc68   0x000000cc   Code   RO        10247    i.tcp_poll          tcp.o
    0x0800fd34   0x0800fd34   0x000004c6   Code   RO        10540    i.tcp_process       tcp_in.o
    0x080101fa   0x080101fa   0x00000002   PAD
    0x080101fc   0x080101fc   0x00000104   Code   RO        10248    i.tcp_process_refused_data  tcp.o
    0x08010300   0x08010300   0x00000928   Code   RO        10541    i.tcp_receive       tcp_in.o
    0x08010c28   0x08010c28   0x000000a4   Code   RO        10249    i.tcp_recv          tcp.o
    0x08010ccc   0x08010ccc   0x000000b0   Code   RO        10250    i.tcp_recv_null     tcp.o
    0x08010d7c   0x08010d7c   0x00000100   Code   RO        10251    i.tcp_recved        tcp.o
    0x08010e7c   0x08010e7c   0x00000058   Code   RO        10252    i.tcp_remove_listener  tcp.o
    0x08010ed4   0x08010ed4   0x000000ec   Code   RO        10637    i.tcp_rexmit        tcp_out.o
    0x08010fc0   0x08010fc0   0x000000e8   Code   RO        10638    i.tcp_rexmit_fast   tcp_out.o
    0x080110a8   0x080110a8   0x000000a4   Code   RO        10639    i.tcp_rexmit_rto    tcp_out.o
    0x0801114c   0x0801114c   0x000000ac   Code   RO        10640    i.tcp_rexmit_rto_commit  tcp_out.o
    0x080111f8   0x080111f8   0x000000f8   Code   RO        10641    i.tcp_rexmit_rto_prepare  tcp_out.o
    0x080112f0   0x080112f0   0x00000010   Code   RO        10642    i.tcp_route         tcp_out.o
    0x08011300   0x08011300   0x00000114   Code   RO        10643    i.tcp_rst           tcp_out.o
    0x08011414   0x08011414   0x000000ac   Code   RO        10253    i.tcp_seg_copy      tcp.o
    0x080114c0   0x080114c0   0x0000001c   Code   RO        10254    i.tcp_seg_free      tcp.o
    0x080114dc   0x080114dc   0x00000012   Code   RO        10255    i.tcp_segs_free     tcp.o
    0x080114ee   0x080114ee   0x00000002   PAD
    0x080114f0   0x080114f0   0x000000ec   Code   RO        10644    i.tcp_send_empty_ack  tcp_out.o
    0x080115dc   0x080115dc   0x000000cc   Code   RO        10645    i.tcp_send_fin      tcp_out.o
    0x080116a8   0x080116a8   0x000000a4   Code   RO        10256    i.tcp_sent          tcp.o
    0x0801174c   0x0801174c   0x000000dc   Code   RO        10258    i.tcp_shutdown      tcp.o
    0x08011828   0x08011828   0x000005d4   Code   RO        10259    i.tcp_slowtmr       tcp.o
    0x08011dfc   0x08011dfc   0x00000230   Code   RO        10646    i.tcp_split_unsent_seg  tcp_out.o
    0x0801202c   0x0801202c   0x00000034   Code   RO        10798    i.tcp_timer_needed  timeouts.o
    0x08012060   0x08012060   0x00000100   Code   RO        10542    i.tcp_timewait_input  tcp_in.o
    0x08012160   0x08012160   0x00000020   Code   RO        10261    i.tcp_tmr           tcp.o
    0x08012180   0x08012180   0x00000010   Code   RO        10543    i.tcp_trigger_input_pcb_close  tcp_in.o
    0x08012190   0x08012190   0x000000f4   Code   RO        10263    i.tcp_update_rcv_ann_wnd  tcp.o
    0x08012284   0x08012284   0x000006c4   Code   RO        10647    i.tcp_write         tcp_out.o
    0x08012948   0x08012948   0x00000174   Code   RO        10648    i.tcp_write_checks  tcp_out.o
    0x08012abc   0x08012abc   0x00000144   Code   RO        10649    i.tcp_zero_window_probe  tcp_out.o
    0x08012c00   0x08012c00   0x00000110   Code   RO         9074    i.tcpip_init        tcpip.o
    0x08012d10   0x08012d10   0x000000c0   Code   RO         9075    i.tcpip_inpkt       tcpip.o
    0x08012dd0   0x08012dd0   0x0000001c   Code   RO         9076    i.tcpip_input       tcpip.o
    0x08012dec   0x08012dec   0x00000020   Code   RO         9077    i.tcpip_send_msg_wait_sem  tcpip.o
    0x08012e0c   0x08012e0c   0x00000038   Code   RO        10799    i.tcpip_tcp_timer   timeouts.o
    0x08012e44   0x08012e44   0x000000f8   Code   RO         9078    i.tcpip_thread      tcpip.o
    0x08012f3c   0x08012f3c   0x000000cc   Code   RO         9079    i.tcpip_thread_handle_msg  tcpip.o
    0x08013008   0x08013008   0x000000bc   Code   RO         9080    i.tcpip_try_callback  tcpip.o
    0x080130c4   0x080130c4   0x0000013c   Code   RO        10883    i.udp_bind          udp.o
    0x08013200   0x08013200   0x00000100   Code   RO        10885    i.udp_connect       udp.o
    0x08013300   0x08013300   0x00000018   Code   RO        10887    i.udp_init          udp.o
    0x08013318   0x08013318   0x000001e8   Code   RO        10888    i.udp_input         udp.o
    0x08013500   0x08013500   0x0000010c   Code   RO        10889    i.udp_input_local_match  udp.o
    0x0801360c   0x0801360c   0x00000034   Code   RO        10890    i.udp_netif_ip_addr_changed  udp.o
    0x08013640   0x08013640   0x0000001a   Code   RO        10891    i.udp_new           udp.o
    0x0801365a   0x0801365a   0x00000004   Code   RO        10892    i.udp_new_ip_type   udp.o
    0x0801365e   0x0801365e   0x00000002   PAD
    0x08013660   0x08013660   0x00000088   Code   RO        10893    i.udp_recv          udp.o
    0x080136e8   0x080136e8   0x000000b0   Code   RO        10894    i.udp_remove        udp.o
    0x08013798   0x08013798   0x000000bc   Code   RO        10895    i.udp_send          udp.o
    0x08013854   0x08013854   0x00000114   Code   RO        10896    i.udp_sendto        udp.o
    0x08013968   0x08013968   0x00000140   Code   RO        10897    i.udp_sendto_if     udp.o
    0x08013aa8   0x08013aa8   0x00000248   Code   RO        10898    i.udp_sendto_if_src  udp.o
    0x08013cf0   0x08013cf0   0x00000026   Code   RO         6014    i.uxListRemove      list.o
    0x08013d16   0x08013d16   0x00000024   Code   RO         6060    i.uxQueueMessagesWaiting  queue.o
    0x08013d3a   0x08013d3a   0x00000016   Code   RO         6061    i.uxQueueMessagesWaitingFromISR  queue.o
    0x08013d50   0x08013d50   0x00000018   Code   RO          390    i.vApplicationGetIdleTaskMemory  freertos.o
    0x08013d68   0x08013d68   0x00000016   Code   RO         6015    i.vListInitialise   list.o
    0x08013d7e   0x08013d7e   0x00000006   Code   RO         6016    i.vListInitialiseItem  list.o
    0x08013d84   0x08013d84   0x00000030   Code   RO         6017    i.vListInsert       list.o
    0x08013db4   0x08013db4   0x00000018   Code   RO         6018    i.vListInsertEnd    list.o
    0x08013dcc   0x08013dcc   0x00000040   Code   RO         7117    i.vPortEnterCritical  port.o
    0x08013e0c   0x08013e0c   0x00000028   Code   RO         7118    i.vPortExitCritical  port.o
    0x08013e34   0x08013e34   0x0000005c   Code   RO         7054    i.vPortFree         heap_4.o
    0x08013e90   0x08013e90   0x00000024   Code   RO         7119    i.vPortSetupTimerInterrupt  port.o
    0x08013eb4   0x08013eb4   0x00000054   Code   RO         7120    i.vPortValidateInterruptPriority  port.o
    0x08013f08   0x08013f08   0x0000002e   Code   RO         6064    i.vQueueDelete      queue.o
    0x08013f36   0x08013f36   0x00000002   PAD
    0x08013f38   0x08013f38   0x00000028   Code   RO         6065    i.vQueueUnregisterQueue  queue.o
    0x08013f60   0x08013f60   0x0000004c   Code   RO         6391    i.vTaskDelay        tasks.o
    0x08013fac   0x08013fac   0x00000010   Code   RO         6394    i.vTaskInternalSetTimeOutState  tasks.o
    0x08013fbc   0x08013fbc   0x0000000c   Code   RO         6395    i.vTaskMissedYield  tasks.o
    0x08013fc8   0x08013fc8   0x00000030   Code   RO         6397    i.vTaskPlaceOnEventList  tasks.o
    0x08013ff8   0x08013ff8   0x000000b0   Code   RO         6399    i.vTaskPriorityDisinheritAfterTimeout  tasks.o
    0x080140a8   0x080140a8   0x0000006c   Code   RO         6404    i.vTaskStartScheduler  tasks.o
    0x08014114   0x08014114   0x00000010   Code   RO         6406    i.vTaskSuspendAll   tasks.o
    0x08014124   0x08014124   0x0000005c   Code   RO         6407    i.vTaskSwitchContext  tasks.o
    0x08014180   0x08014180   0x000000f4   Code   RO         7121    i.xPortStartScheduler  port.o
    0x08014274   0x08014274   0x00000016   Code   RO         6066    i.xQueueCreateMutex  queue.o
    0x0801428a   0x0801428a   0x0000001a   Code   RO         6067    i.xQueueCreateMutexStatic  queue.o
    0x080142a4   0x080142a4   0x00000048   Code   RO         6068    i.xQueueGenericCreate  queue.o
    0x080142ec   0x080142ec   0x00000066   Code   RO         6069    i.xQueueGenericCreateStatic  queue.o
    0x08014352   0x08014352   0x00000002   PAD
    0x08014354   0x08014354   0x00000094   Code   RO         6070    i.xQueueGenericReset  queue.o
    0x080143e8   0x080143e8   0x00000160   Code   RO         6071    i.xQueueGenericSend  queue.o
    0x08014548   0x08014548   0x000000bc   Code   RO         6072    i.xQueueGenericSendFromISR  queue.o
    0x08014604   0x08014604   0x0000009c   Code   RO         6073    i.xQueueGiveFromISR  queue.o
    0x080146a0   0x080146a0   0x0000013c   Code   RO         6078    i.xQueueReceive     queue.o
    0x080147dc   0x080147dc   0x0000009c   Code   RO         6079    i.xQueueReceiveFromISR  queue.o
    0x08014878   0x08014878   0x0000017c   Code   RO         6080    i.xQueueSemaphoreTake  queue.o
    0x080149f4   0x080149f4   0x00000078   Code   RO         6408    i.xTaskCheckForTimeOut  tasks.o
    0x08014a6c   0x08014a6c   0x0000005a   Code   RO         6409    i.xTaskCreate       tasks.o
    0x08014ac6   0x08014ac6   0x00000056   Code   RO         6410    i.xTaskCreateStatic  tasks.o
    0x08014b1c   0x08014b1c   0x0000001c   Code   RO         6414    i.xTaskGetSchedulerState  tasks.o
    0x08014b38   0x08014b38   0x0000000c   Code   RO         6415    i.xTaskGetTickCount  tasks.o
    0x08014b44   0x08014b44   0x00000010   Code   RO         6416    i.xTaskGetTickCountFromISR  tasks.o
    0x08014b54   0x08014b54   0x000000c8   Code   RO         6417    i.xTaskIncrementTick  tasks.o
    0x08014c1c   0x08014c1c   0x000000a0   Code   RO         6420    i.xTaskPriorityDisinherit  tasks.o
    0x08014cbc   0x08014cbc   0x00000098   Code   RO         6421    i.xTaskPriorityInherit  tasks.o
    0x08014d54   0x08014d54   0x00000074   Code   RO         6422    i.xTaskRemoveFromEventList  tasks.o
    0x08014dc8   0x08014dc8   0x000000c4   Code   RO         6423    i.xTaskResumeAll    tasks.o
    0x08014e8c   0x08014e8c   0x0000000a   Code   RO        12339    x$fpl$fpinit        fz_wv.l(fpinit.o)
    0x08014e96   0x08014e96   0x00000002   PAD
    0x08014e98   0x08014e98   0x0000001c   Data   RO           23    .constdata          main.o
    0x08014eb4   0x08014eb4   0x0000001c   Data   RO          592    .constdata          lwip.o
    0x08014ed0   0x08014ed0   0x00000028   Data   RO          686    .constdata          ethernetif.o
    0x08014ef8   0x08014ef8   0x00000018   Data   RO         4855    .constdata          stm32h7xx_hal_uart.o
    0x08014f10   0x08014f10   0x00000010   Data   RO         5878    .constdata          system_stm32h7xx.o
    0x08014f20   0x08014f20   0x00000006   Data   RO         7830    .constdata          ethernet.o
    0x08014f26   0x08014f26   0x00000006   Data   RO         7831    .constdata          ethernet.o
    0x08014f2c   0x08014f2c   0x00000003   Data   RO         8334    .constdata          api_msg.o
    0x08014f2f   0x08014f2f   0x00000001   PAD
    0x08014f30   0x08014f30   0x0000000c   Data   RO         9595    .constdata          memp.o
    0x08014f3c   0x08014f3c   0x0000000c   Data   RO         9596    .constdata          memp.o
    0x08014f48   0x08014f48   0x0000000c   Data   RO         9597    .constdata          memp.o
    0x08014f54   0x08014f54   0x0000000c   Data   RO         9598    .constdata          memp.o
    0x08014f60   0x08014f60   0x0000000c   Data   RO         9599    .constdata          memp.o
    0x08014f6c   0x08014f6c   0x0000000c   Data   RO         9600    .constdata          memp.o
    0x08014f78   0x08014f78   0x0000000c   Data   RO         9601    .constdata          memp.o
    0x08014f84   0x08014f84   0x0000000c   Data   RO         9602    .constdata          memp.o
    0x08014f90   0x08014f90   0x0000000c   Data   RO         9603    .constdata          memp.o
    0x08014f9c   0x08014f9c   0x0000000c   Data   RO         9604    .constdata          memp.o
    0x08014fa8   0x08014fa8   0x0000000c   Data   RO         9605    .constdata          memp.o
    0x08014fb4   0x08014fb4   0x0000000c   Data   RO         9606    .constdata          memp.o
    0x08014fc0   0x08014fc0   0x0000000c   Data   RO         9607    .constdata          memp.o
    0x08014fcc   0x08014fcc   0x00000034   Data   RO         9608    .constdata          memp.o
    0x08015000   0x08015000   0x00000054   Data   RO        10264    .constdata          tcp.o
    0x08015054   0x08015054   0x00000018   Data   RO        10800    .constdata          timeouts.o
    0x0801506c   0x0801506c   0x00000004   Data   RO        11299    .constdata          ip4_addr.o
    0x08015070   0x08015070   0x00000018   Data   RO        11682    .constdata          sys_arch.o
    0x08015088   0x08015088   0x00000007   Data   RO        12072    .constdata          retarget_io.o
    0x0801508f   0x0801508f   0x00000008   Data   RO        12073    .constdata          retarget_io.o
    0x08015097   0x08015097   0x00000008   Data   RO        12074    .constdata          retarget_io.o
    0x0801509f   0x0801509f   0x00000001   PAD
    0x080150a0   0x080150a0   0x0000000c   Data   RO           24    .conststring        main.o
    0x080150ac   0x080150ac   0x00000008   Data   RO          593    .conststring        lwip.o
    0x080150b4   0x080150b4   0x00000006   Data   RO          687    .conststring        ethernetif.o
    0x080150ba   0x080150ba   0x00000002   PAD
    0x080150bc   0x080150bc   0x00000075   Data   RO        10265    .conststring        tcp.o
    0x08015131   0x08015131   0x00000003   PAD
    0x08015134   0x08015134   0x00000055   Data   RO        10650    .conststring        tcp_out.o
    0x08015189   0x08015189   0x00000003   PAD
    0x0801518c   0x0801518c   0x00000041   Data   RO        11071    .conststring        etharp.o
    0x080151cd   0x080151cd   0x00000003   PAD
    0x080151d0   0x080151d0   0x00000020   Data   RO        12581    Region$$Table       anon$$obj.o


    Execution Region RW_IRAM1 (Exec base: 0x20000000, Load base: 0x080151f0, Size: 0x00000000, Max: 0x00020000, ABSOLUTE)

    **** No section assigned to this execution region ****


    Execution Region RW_IRAM2 (Exec base: 0x24000000, Load base: 0x080151f0, Size: 0x00009990, Max: 0x00080000, ABSOLUTE, COMPRESSED[0x0000002c])

    Exec Addr    Load Addr    Size         Type   Attr      Idx    E Section Name        Object

    0x24000000   COMPRESSED   0x00000004   Data   RW           25    .data               main.o
    0x24000004   COMPRESSED   0x00000018   Data   RW          594    .data               lwip.o
    0x2400001c   COMPRESSED   0x00000018   Data   RW          688    .data               ethernetif.o
    0x24000034   COMPRESSED   0x00000004   Data   RW          689    .data               ethernetif.o
    0x24000038   COMPRESSED   0x0000000c   Data   RW         2910    .data               stm32h7xx_hal.o
    0x24000044   COMPRESSED   0x00000008   Data   RW         5879    .data               system_stm32h7xx.o
    0x2400004c   COMPRESSED   0x0000003c   Data   RW         6426    .data               tasks.o
    0x24000088   COMPRESSED   0x00000018   Data   RW         7059    .data               heap_4.o
    0x240000a0   COMPRESSED   0x0000000c   Data   RW         7122    .data               port.o
    0x240000ac   COMPRESSED   0x00000010   Data   RW         9081    .data               tcpip.o
    0x240000bc   COMPRESSED   0x00000010   Data   RW         9503    .data               mem.o
    0x240000cc   COMPRESSED   0x00000004   Data   RW         9609    .data               memp.o
    0x240000d0   COMPRESSED   0x00000004   Data   RW         9610    .data               memp.o
    0x240000d4   COMPRESSED   0x00000004   Data   RW         9611    .data               memp.o
    0x240000d8   COMPRESSED   0x00000004   Data   RW         9612    .data               memp.o
    0x240000dc   COMPRESSED   0x00000004   Data   RW         9613    .data               memp.o
    0x240000e0   COMPRESSED   0x00000004   Data   RW         9614    .data               memp.o
    0x240000e4   COMPRESSED   0x00000004   Data   RW         9615    .data               memp.o
    0x240000e8   COMPRESSED   0x00000004   Data   RW         9616    .data               memp.o
    0x240000ec   COMPRESSED   0x00000004   Data   RW         9617    .data               memp.o
    0x240000f0   COMPRESSED   0x00000004   Data   RW         9618    .data               memp.o
    0x240000f4   COMPRESSED   0x00000004   Data   RW         9619    .data               memp.o
    0x240000f8   COMPRESSED   0x00000004   Data   RW         9620    .data               memp.o
    0x240000fc   COMPRESSED   0x00000004   Data   RW         9621    .data               memp.o
    0x24000100   COMPRESSED   0x0000000c   Data   RW         9749    .data               netif.o
    0x2400010c   COMPRESSED   0x00000001   Data   RW         9951    .data               pbuf.o
    0x2400010d   COMPRESSED   0x00000003   PAD
    0x24000110   COMPRESSED   0x00000020   Data   RW        10266    .data               tcp.o
    0x24000130   COMPRESSED   0x00000024   Data   RW        10545    .data               tcp_in.o
    0x24000154   COMPRESSED   0x0000000c   Data   RW        10802    .data               timeouts.o
    0x24000160   COMPRESSED   0x00000008   Data   RW        10899    .data               udp.o
    0x24000168   COMPRESSED   0x00000001   Data   RW        11072    .data               etharp.o
    0x24000169   COMPRESSED   0x00000001   PAD
    0x2400016a   COMPRESSED   0x00000002   Data   RW        11239    .data               ip4.o
    0x2400016c   COMPRESSED   0x00000008   Data   RW        11374    .data               ip4_frag.o
    0x24000174   COMPRESSED   0x00000004   Data   RW        11684    .data               sys_arch.o
    0x24000178   COMPRESSED   0x00000004   Data   RW        12246    .data               c_w.l(stdio_streams.o)
    0x2400017c   COMPRESSED   0x00000004   Data   RW        12247    .data               c_w.l(stdio_streams.o)
    0x24000180   COMPRESSED   0x00000004   Data   RW        12248    .data               c_w.l(stdio_streams.o)
    0x24000184        -       0x00000494   Zero   RW           22    .bss                main.o
    0x24000618        -       0x00000254   Zero   RW          391    .bss                freertos.o
    0x2400086c        -       0x0000004c   Zero   RW          549    .bss                stm32h7xx_hal_timebase_tim.o
    0x240008b8        -       0x00000034   Zero   RW          591    .bss                lwip.o
    0x240008ec        -       0x000000c4   Zero   RW          684    .bss                ethernetif.o
    0x240009b0        -       0x000000cb   Zero   RW          685    .bss                ethernetif.o
    0x24000a7b   COMPRESSED   0x00000001   PAD
    0x24000a7c        -       0x00000040   Zero   RW         6081    .bss                queue.o
    0x24000abc        -       0x000000f0   Zero   RW         6425    .bss                tasks.o
    0x24000bac        -       0x00003c00   Zero   RW         7058    .bss                heap_4.o
    0x240047ac        -       0x00000018   Zero   RW         9467    .bss                ip.o
    0x240047c4        -       0x00000083   Zero   RW         9582    .bss                memp.o
    0x24004847        -       0x0000030f   Zero   RW         9583    .bss                memp.o
    0x24004b56        -       0x000000e3   Zero   RW         9584    .bss                memp.o
    0x24004c39        -       0x00000103   Zero   RW         9585    .bss                memp.o
    0x24004d3c        -       0x000000a3   Zero   RW         9586    .bss                memp.o
    0x24004ddf        -       0x0000016b   Zero   RW         9587    .bss                memp.o
    0x24004f4a        -       0x00000023   Zero   RW         9588    .bss                memp.o
    0x24004f6d        -       0x000000a3   Zero   RW         9589    .bss                memp.o
    0x24005010        -       0x00000083   Zero   RW         9590    .bss                memp.o
    0x24005093        -       0x00000083   Zero   RW         9591    .bss                memp.o
    0x24005116        -       0x00000033   Zero   RW         9592    .bss                memp.o
    0x24005149        -       0x00000103   Zero   RW         9593    .bss                memp.o
    0x2400524c        -       0x00002603   Zero   RW         9594    .bss                memp.o
    0x2400784f   COMPRESSED   0x00000001   PAD
    0x24007850        -       0x00000010   Zero   RW        10544    .bss                tcp_in.o
    0x24007860        -       0x000000f0   Zero   RW        11070    .bss                etharp.o
    0x24007950        -       0x000000e4   Zero   RW        12192    .bss                c_w.l(rand.o)
    0x24007a34        -       0x00000054   Zero   RW        12243    .bss                c_w.l(stdio_streams.o)
    0x24007a88        -       0x00000054   Zero   RW        12244    .bss                c_w.l(stdio_streams.o)
    0x24007adc        -       0x00000054   Zero   RW        12245    .bss                c_w.l(stdio_streams.o)
    0x24007b30        -       0x00000060   Zero   RW        12300    .bss                c_w.l(libspace.o)
    0x24007b90        -       0x00000800   Zero   RW            2    HEAP                startup_stm32h743xx.o
    0x24008390        -       0x00001600   Zero   RW            1    STACK               startup_stm32h743xx.o



  Load Region LR$$.ARM.__AT_0x30040000 (Base: 0x30040000, Size: 0x00000000, Max: 0x00000060, ABSOLUTE)

    Execution Region ER$$.ARM.__AT_0x30040000 (Exec base: 0x30040000, Load base: 0x30040000, Size: 0x00000060, Max: 0x00000060, ABSOLUTE, UNINIT)

    Exec Addr    Load Addr    Size         Type   Attr      Idx    E Section Name        Object

    0x30040000        -       0x00000060   Zero   RW          681    .ARM.__AT_0x30040000  ethernetif.o



  Load Region LR$$.ARM.__AT_0x30040060 (Base: 0x30040060, Size: 0x00000000, Max: 0x00000060, ABSOLUTE)

    Execution Region ER$$.ARM.__AT_0x30040060 (Exec base: 0x30040060, Load base: 0x30040060, Size: 0x00000060, Max: 0x00000060, ABSOLUTE, UNINIT)

    Exec Addr    Load Addr    Size         Type   Attr      Idx    E Section Name        Object

    0x30040060        -       0x00000060   Zero   RW          682    .ARM.__AT_0x30040060  ethernetif.o



  Load Region LR$$.ARM.__AT_0x30040200 (Base: 0x30040200, Size: 0x00000000, Max: 0x000017d0, ABSOLUTE)

    Execution Region ER$$.ARM.__AT_0x30040200 (Exec base: 0x30040200, Load base: 0x30040200, Size: 0x000017d0, Max: 0x000017d0, ABSOLUTE, UNINIT)

    Exec Addr    Load Addr    Size         Type   Attr      Idx    E Section Name        Object

    0x30040200        -       0x000017d0   Zero   RW          683    .ARM.__AT_0x30040200  ethernetif.o


==============================================================================

Image component sizes


      Code (inc. data)   RO Data    RW Data    ZI Data      Debug   Object Name

      2248       1208          0          0          0      39960   api_lib.o
      6340       2850          3          0          0      39315   api_msg.o
         0          0          0          0          0       2196   auth.o
         0          0          0          0          0      10915   bridgeif.o
       960         32          0          0          0      39430   cmsis_os.o
         8          0          0          0          0       1130   def.o
         0          0          0          0          0       2444   err.o
      2932       1184         65          1        240      13147   etharp.o
       412        154         12          0          0       2910   ethernet.o
      1388        204         46         28       6687      56710   ethernetif.o
         0          0          0          0          0      18828   event_groups.o
        24          6          0          0        596       1424   freertos.o
       464         24          0         24      15360       7535   heap_4.o
       812        350          0          0          0       4710   icmp.o
       178          0          0          0          0       3365   inet_chksum.o
        34          0          0          0          0      10147   init.o
         0          0          0          0         24       3242   ip.o
       918        182          0          2          0       5828   ip4.o
        46          0          4          0          0       8798   ip4_addr.o
      2912       1160          0          8          0      12154   ip4_frag.o
       396          0          0          0          0       3174   lan8742.o
       138          0          0          0          0      12858   list.o
       362         24         36         24         52       6661   lwip.o
      1056         92         40          4       1172    1405624   main.o
      2168       1044          0         16          0       8250   mem.o
      1022        720        208         52      12427      12580   memp.o
        34          0          0          0          0      10172   netbuf.o
      1786        998          0         12          0      16340   netif.o
      3424       1802          0          1          0      17862   pbuf.o
       790         84          0         12          0      12221   port.o
      2386         24          0          0         64      26962   queue.o
       262         28         23          0          0       7525   retarget_io.o
        64         26        664          0       7680        852   startup_stm32h743xx.o
       188         42          0         12          0      23453   stm32h7xx_hal.o
       316         28          0          0          0      40604   stm32h7xx_hal_cortex.o
      4326        102          0          0          0      23843   stm32h7xx_hal_eth.o
       570         50          0          0          0       2752   stm32h7xx_hal_gpio.o
       256         32          0          0          0       2451   stm32h7xx_hal_msp.o
       242          0          0          0          0       1923   stm32h7xx_hal_pcd.o
        40          6          0          0          0       1274   stm32h7xx_hal_pcd_ex.o
       100         10          0          0          0       1382   stm32h7xx_hal_pwr_ex.o
      2436        116          0          0          0       7941   stm32h7xx_hal_rcc.o
      3494        114          0          0          0       8009   stm32h7xx_hal_rcc_ex.o
       754         40          0          0          0       7620   stm32h7xx_hal_tim.o
         6          0          0          0          0       2340   stm32h7xx_hal_tim_ex.o
       116         14          0          0         76       1587   stm32h7xx_hal_timebase_tim.o
      1508        108         24          0          0      24678   stm32h7xx_hal_uart.o
       316         18          0          0          0       3869   stm32h7xx_hal_uart_ex.o
        36         12          0          0          0       3816   stm32h7xx_it.o
       702         28          0          0          0       7316   stm32h7xx_ll_usb.o
         0          0          0          0          0        392   stream_buffer.o
       486         24         24          4          0      19704   sys_arch.o
       228         40         16          8          0       1578   system_stm32h7xx.o
      2398        182          0         60        240      29434   tasks.o
      7988       3904        201         32          0      43116   tcp.o
      6958       2032          0         36         16      23003   tcp_in.o
      8576       4064         85          0          0      35550   tcp_out.o
      1164        666          0         16          0       8634   tcpip.o
       760        374         24         12          0       7779   timeouts.o
      3114       1684          0          8          0      14223   udp.o

    ----------------------------------------------------------------------
     80726      25886       1520        376      44636    2173540   Object Totals
         0          0         32          0          0          0   (incl. Generated)
        84          0         13          4          2          0   (incl. Padding)

    ----------------------------------------------------------------------

      Code (inc. data)   RO Data    RW Data    ZI Data      Debug   Library Member Name

        90          0          0          0          0          0   __dczerorl2.o
         8          0          0          0          0         68   __main.o
       104          0          0          0          0         84   __printf.o
         0          0          0          0          0          0   __rtentry.o
        12          0          0          0          0          0   __rtentry2.o
         6          0          0          0          0          0   __rtentry4.o
        52          8          0          0          0          0   __scatter.o
        28          0          0          0          0          0   __scatter_zi.o
        44          0          0          0          0        108   _printf_char.o
        48          6          0          0          0         96   _printf_char_common.o
        36          4          0          0          0         80   _printf_char_file.o
         6          0          0          0          0          0   _printf_d.o
       120         16          0          0          0         92   _printf_dec.o
       178          0          0          0          0         88   _printf_intcommon.o
         0          0          0          0          0          0   _printf_percent.o
         4          0          0          0          0          0   _printf_percent_end.o
         6          0          0          0          0          0   _printf_s.o
        82          0          0          0          0         80   _printf_str.o
        10          0          0          0          0         68   defsig_exit.o
        50          0          0          0          0         88   defsig_general.o
        80         58          0          0          0         76   defsig_rtmem_inner.o
        14          0          0          0          0         80   defsig_rtmem_outer.o
        52         38          0          0          0         76   defsig_rtred_inner.o
        14          0          0          0          0         80   defsig_rtred_outer.o
        18          0          0          0          0         80   exit.o
        76          0          0          0          0         88   fclose.o
         8          0          0          0          0         68   ferror.o
       470          0          0          0          0         88   flsbuf.o
       236          4          0          0          0        128   fopen.o
        26          0          0          0          0         68   fputc.o
       248          6          0          0          0         84   fseek.o
        66          0          0          0          0         76   ftell.o
        94          0          0          0          0         80   h1_alloc.o
        52          0          0          0          0         68   h1_extend.o
        78          0          0          0          0         80   h1_free.o
        14          0          0          0          0         84   h1_init.o
         6          0          0          0          0        152   heapauxi.o
         4          0          0          0          0        136   hguard.o
         0          0          0          0          0          0   indicate_semi.o
       138          0          0          0          0        168   init_alloc.o
       312         46          0          0          0        112   initio.o
         2          0          0          0          0          0   libinit.o
        22          0          0          0          0          0   libinit2.o
         2          0          0          0          0          0   libshutdown.o
         6          0          0          0          0          0   libshutdown2.o
         8          4          0          0         96         68   libspace.o
       238          0          0          0          0        100   lludivv7m.o
         0          0          0          0          0          0   maybetermalloc1.o
        88          0          0          0          0         76   memcmp.o
        24          4          0          0          0         84   noretval__2printf.o
       112         18          0          0        228        160   rand.o
         8          4          0          0          0         68   rt_errno_addr_intlibspace.o
         8          4          0          0          0         68   rt_heap_descriptor_intlibspace.o
        78          0          0          0          0         80   rt_memclr_w.o
       138          0          0          0          0         68   rt_memcpy_v6.o
       100          0          0          0          0         80   rt_memcpy_w.o
         2          0          0          0          0          0   rtexit.o
        10          0          0          0          0          0   rtexit2.o
        70          0          0          0          0         80   setvbuf.o
       240          6          0          0          0        156   stdio.o
         0          0          0         12        252          0   stdio_streams.o
       104          0          0          0          0         68   strcmpv7m_pel.o
        12          4          0          0          0         68   sys_exit.o
        74          0          0          0          0         80   sys_stackheap_outer.o
         2          0          0          0          0         68   use_no_semi.o
        10          0          0          0          0        116   fpinit.o

    ----------------------------------------------------------------------
      4266        230          0         12        576       4212   Library Totals
        18          0          0          0          0          0   (incl. Padding)

    ----------------------------------------------------------------------

      Code (inc. data)   RO Data    RW Data    ZI Data      Debug   Library Name

      4238        230          0         12        576       4096   c_w.l
        10          0          0          0          0        116   fz_wv.l

    ----------------------------------------------------------------------
      4266        230          0         12        576       4212   Library Totals

    ----------------------------------------------------------------------

==============================================================================


      Code (inc. data)   RO Data    RW Data    ZI Data      Debug   

     84992      26116       1520        388      45212    2129664   Grand Totals
     84992      26116       1520         44      45212    2129664   ELF Image Totals (compressed)
     84992      26116       1520         44          0          0   ROM Totals

==============================================================================

    Total RO  Size (Code + RO Data)                86512 (  84.48kB)
    Total RW  Size (RW Data + ZI Data)             45600 (  44.53kB)
    Total ROM Size (Code + RO Data + RW Data)      86556 (  84.53kB)

==============================================================================

